{
  "arena_bytes": 25588803168,
  "backend": "direct",
  "case_count": 1,
  "cases": [
    {
      "command_buffer_wait_ns": 26937011212,
      "command_buffers": 65,
      "cpu_encode_ns": 301526629,
      "cpu_wall_ns": 27238537841,
      "decode_ms": 4685.892416,
      "embedding_encoders": 65,
      "encoder_counts_by_kernel_family": {
        "embedding": 65,
        "final_logits_diagnostic": 0,
        "final_sample": 192,
        "layer_body": 37344,
        "layer_scale_fused": 3120,
        "ple_input": 0
      },
      "encoders": 37601,
      "final_logits_encoders": 0,
      "final_sample_encoders": 192,
      "finish_reason": "length",
      "forced_waits": 65,
      "generated_text": "11111.11..111........................111.1111111111111111.11111.",
      "generated_token_ids": [
        236770,
        236770,
        236770,
        236770,
        236770,
        236761,
        236770,
        236770,
        236761,
        236761,
        236770,
        236770,
        236770,
        236761,
        236761,
        236761,
        236761,
        236761,
        236761,
        236761,
        236761,
        236761,
        236761,
        236761,
        236761,
        236761,
        236761,
        236761,
        236761,
        236761,
        236761,
        236761,
        236761,
        236761,
        236761,
        236761,
        236761,
        236770,
        236770,
        236770,
        236761,
        236770,
        236770,
        236770,
        236770,
        236770,
        236770,
        236770,
        236770,
        236770,
        236770,
        236770,
        236770,
        236770,
        236770,
        236770,
        236770,
        236761,
        236770,
        236770,
        236770,
        236770,
        236770,
        236761
      ],
      "hf_reference": null,
      "last_step_command_buffer_wait_ns": 69769875,
      "last_step_command_buffers": 1,
      "last_step_cpu_encode_ns": 4267333,
      "last_step_cpu_wall_ns": 74037208,
      "last_step_encoders": 580,
      "last_step_forced_waits": 1,
      "last_step_gpu_execution_ns": 69102375,
      "last_step_tokens": 1,
      "layer_encoders": 37344,
      "layer_scale_encoder_fusions": 3120,
      "library_compiles": 0,
      "max_new_tokens": 64,
      "max_supported_total_tokens": 576,
      "name": "pp512-decode64",
      "output_text": "a a a a a a a a a a a a a a a a a a a a a a a a a a a a a a a a a a a a a a a a a a a a a a a a a a a a a a a a a a a a a a a a a a a a a a a a a a a a a a a a a a a a a a a a a a a a a a a a a a a a a a a a a a a a a a a a a a a a a a a a a a a a a a a a a a a a a a a a a a a a a a a a a a a a a a a a a a a a a a a a a a a a a a a a a a a a a a a a a a a a a a a a a a a a a a a a a a a a a a a a a a a a a a a a a a a a a a a a a a a a a a a a a a a a a a a a a a a a a a a a a a a a a a a a a a a a a a a a a a a a a a a a a a a a a a a a a a a a a a a a a a a a a a a a a a a a a a a a a a a a a a a a a a a a a a a a a a a a a a a a a a a a a a a a a a a a a a a a a a a a a a a a a a a a a a a a a a a a a a a a a a a a a a a a a a a a a a a a a a a a a a a a a a a a a a a a a a a a a a a a a a a a a a a a a a a a a a a a a a a a a a a a a a a a a a a a a a a a a a a a a a a a a a a a a a a a a a a a a a a a a a a a a a a a a a a a a a a a a a a a a a a a a a a a a a a a a a a a a a a a a a a a a a a a a a a 11111.11..111........................111.1111111111111111.11111.",
      "output_token_ids": [
        236746,
        496,
        496,
        496,
        496,
        496,
        496,
        496,
        496,
        496,
        496,
        496,
        496,
        496,
        496,
        496,
        496,
        496,
        496,
        496,
        496,
        496,
        496,
        496,
        496,
        496,
        496,
        496,
        496,
        496,
        496,
        496,
        496,
        496,
        496,
        496,
        496,
        496,
        496,
        496,
        496,
        496,
        496,
        496,
        496,
        496,
        496,
        496,
        496,
        496,
        496,
        496,
        496,
        496,
        496,
        496,
        496,
        496,
        496,
        496,
        496,
        496,
        496,
        496,
        496,
        496,
        496,
        496,
        496,
        496,
        496,
        496,
        496,
        496,
        496,
        496,
        496,
        496,
        496,
        496,
        496,
        496,
        496,
        496,
        496,
        496,
        496,
        496,
        496,
        496,
        496,
        496,
        496,
        496,
        496,
        496,
        496,
        496,
        496,
        496,
        496,
        496,
        496,
        496,
        496,
        496,
        496,
        496,
        496,
        496,
        496,
        496,
        496,
        496,
        496,
        496,
        496,
        496,
        496,
        496,
        496,
        496,
        496,
        496,
        496,
        496,
        496,
        496,
        496,
        496,
        496,
        496,
        496,
        496,
        496,
        496,
        496,
        496,
        496,
        496,
        496,
        496,
        496,
        496,
        496,
        496,
        496,
        496,
        496,
        496,
        496,
        496,
        496,
        496,
        496,
        496,
        496,
        496,
        496,
        496,
        496,
        496,
        496,
        496,
        496,
        496,
        496,
        496,
        496,
        496,
        496,
        496,
        496,
        496,
        496,
        496,
        496,
        496,
        496,
        496,
        496,
        496,
        496,
        496,
        496,
        496,
        496,
        496,
        496,
        496,
        496,
        496,
        496,
        496,
        496,
        496,
        496,
        496,
        496,
        496,
        496,
        496,
        496,
        496,
        496,
        496,
        496,
        496,
        496,
        496,
        496,
        496,
        496,
        496,
        496,
        496,
        496,
        496,
        496,
        496,
        496,
        496,
        496,
        496,
        496,
        496,
        496,
        496,
        496,
        496,
        496,
        496,
        496,
        496,
        496,
        496,
        496,
        496,
        496,
        496,
        496,
        496,
        496,
        496,
        496,
        496,
        496,
        496,
        496,
        496,
        496,
        496,
        496,
        496,
        496,
        496,
        496,
        496,
        496,
        496,
        496,
        496,
        496,
        496,
        496,
        496,
        496,
        496,
        496,
        496,
        496,
        496,
        496,
        496,
        496,
        496,
        496,
        496,
        496,
        496,
        496,
        496,
        496,
        496,
        496,
        496,
        496,
        496,
        496,
        496,
        496,
        496,
        496,
        496,
        496,
        496,
        496,
        496,
        496,
        496,
        496,
        496,
        496,
        496,
        496,
        496,
        496,
        496,
        496,
        496,
        496,
        496,
        496,
        496,
        496,
        496,
        496,
        496,
        496,
        496,
        496,
        496,
        496,
        496,
        496,
        496,
        496,
        496,
        496,
        496,
        496,
        496,
        496,
        496,
        496,
        496,
        496,
        496,
        496,
        496,
        496,
        496,
        496,
        496,
        496,
        496,
        496,
        496,
        496,
        496,
        496,
        496,
        496,
        496,
        496,
        496,
        496,
        496,
        496,
        496,
        496,
        496,
        496,
        496,
        496,
        496,
        496,
        496,
        496,
        496,
        496,
        496,
        496,
        496,
        496,
        496,
        496,
        496,
        496,
        496,
        496,
        496,
        496,
        496,
        496,
        496,
        496,
        496,
        496,
        496,
        496,
        496,
        496,
        496,
        496,
        496,
        496,
        496,
        496,
        496,
        496,
        496,
        496,
        496,
        496,
        496,
        496,
        496,
        496,
        496,
        496,
        496,
        496,
        496,
        496,
        496,
        496,
        496,
        496,
        496,
        496,
        496,
        496,
        496,
        496,
        496,
        496,
        496,
        496,
        496,
        496,
        496,
        496,
        496,
        496,
        496,
        496,
        496,
        496,
        496,
        496,
        496,
        496,
        496,
        496,
        496,
        496,
        496,
        496,
        496,
        496,
        496,
        496,
        496,
        496,
        496,
        496,
        496,
        496,
        496,
        496,
        496,
        496,
        496,
        496,
        496,
        496,
        496,
        496,
        496,
        496,
        496,
        496,
        496,
        496,
        496,
        496,
        496,
        496,
        496,
        496,
        496,
        496,
        496,
        496,
        496,
        496,
        496,
        496,
        496,
        496,
        496,
        496,
        496,
        496,
        496,
        496,
        496,
        496,
        496,
        496,
        496,
        496,
        496,
        496,
        496,
        496,
        496,
        496,
        496,
        496,
        236743,
        236770,
        236770,
        236770,
        236770,
        236770,
        236761,
        236770,
        236770,
        236761,
        236761,
        236770,
        236770,
        236770,
        236761,
        236761,
        236761,
        236761,
        236761,
        236761,
        236761,
        236761,
        236761,
        236761,
        236761,
        236761,
        236761,
        236761,
        236761,
        236761,
        236761,
        236761,
        236761,
        236761,
        236761,
        236761,
        236761,
        236761,
        236770,
        236770,
        236770,
        236761,
        236770,
        236770,
        236770,
        236770,
        236770,
        236770,
        236770,
        236770,
        236770,
        236770,
        236770,
        236770,
        236770,
        236770,
        236770,
        236770,
        236761,
        236770,
        236770,
        236770,
        236770,
        236770,
        236761
      ],
      "pipeline_state_compiles": 0,
      "ple_encoders": 0,
      "prefill_ms": 22553.543958,
      "prompt": "a a a a a a a a a a a a a a a a a a a a a a a a a a a a a a a a a a a a a a a a a a a a a a a a a a a a a a a a a a a a a a a a a a a a a a a a a a a a a a a a a a a a a a a a a a a a a a a a a a a a a a a a a a a a a a a a a a a a a a a a a a a a a a a a a a a a a a a a a a a a a a a a a a a a a a a a a a a a a a a a a a a a a a a a a a a a a a a a a a a a a a a a a a a a a a a a a a a a a a a a a a a a a a a a a a a a a a a a a a a a a a a a a a a a a a a a a a a a a a a a a a a a a a a a a a a a a a a a a a a a a a a a a a a a a a a a a a a a a a a a a a a a a a a a a a a a a a a a a a a a a a a a a a a a a a a a a a a a a a a a a a a a a a a a a a a a a a a a a a a a a a a a a a a a a a a a a a a a a a a a a a a a a a a a a a a a a a a a a a a a a a a a a a a a a a a a a a a a a a a a a a a a a a a a a a a a a a a a a a a a a a a a a a a a a a a a a a a a a a a a a a a a a a a a a a a a a a a a a a a a a a a a a a a a a a a a a a a a a a a a a a a a a a a a a a a a a a a a a a a a a a a a a a a a a a a ",
      "prompt_token_ids": [
        236746,
        496,
        496,
        496,
        496,
        496,
        496,
        496,
        496,
        496,
        496,
        496,
        496,
        496,
        496,
        496,
        496,
        496,
        496,
        496,
        496,
        496,
        496,
        496,
        496,
        496,
        496,
        496,
        496,
        496,
        496,
        496,
        496,
        496,
        496,
        496,
        496,
        496,
        496,
        496,
        496,
        496,
        496,
        496,
        496,
        496,
        496,
        496,
        496,
        496,
        496,
        496,
        496,
        496,
        496,
        496,
        496,
        496,
        496,
        496,
        496,
        496,
        496,
        496,
        496,
        496,
        496,
        496,
        496,
        496,
        496,
        496,
        496,
        496,
        496,
        496,
        496,
        496,
        496,
        496,
        496,
        496,
        496,
        496,
        496,
        496,
        496,
        496,
        496,
        496,
        496,
        496,
        496,
        496,
        496,
        496,
        496,
        496,
        496,
        496,
        496,
        496,
        496,
        496,
        496,
        496,
        496,
        496,
        496,
        496,
        496,
        496,
        496,
        496,
        496,
        496,
        496,
        496,
        496,
        496,
        496,
        496,
        496,
        496,
        496,
        496,
        496,
        496,
        496,
        496,
        496,
        496,
        496,
        496,
        496,
        496,
        496,
        496,
        496,
        496,
        496,
        496,
        496,
        496,
        496,
        496,
        496,
        496,
        496,
        496,
        496,
        496,
        496,
        496,
        496,
        496,
        496,
        496,
        496,
        496,
        496,
        496,
        496,
        496,
        496,
        496,
        496,
        496,
        496,
        496,
        496,
        496,
        496,
        496,
        496,
        496,
        496,
        496,
        496,
        496,
        496,
        496,
        496,
        496,
        496,
        496,
        496,
        496,
        496,
        496,
        496,
        496,
        496,
        496,
        496,
        496,
        496,
        496,
        496,
        496,
        496,
        496,
        496,
        496,
        496,
        496,
        496,
        496,
        496,
        496,
        496,
        496,
        496,
        496,
        496,
        496,
        496,
        496,
        496,
        496,
        496,
        496,
        496,
        496,
        496,
        496,
        496,
        496,
        496,
        496,
        496,
        496,
        496,
        496,
        496,
        496,
        496,
        496,
        496,
        496,
        496,
        496,
        496,
        496,
        496,
        496,
        496,
        496,
        496,
        496,
        496,
        496,
        496,
        496,
        496,
        496,
        496,
        496,
        496,
        496,
        496,
        496,
        496,
        496,
        496,
        496,
        496,
        496,
        496,
        496,
        496,
        496,
        496,
        496,
        496,
        496,
        496,
        496,
        496,
        496,
        496,
        496,
        496,
        496,
        496,
        496,
        496,
        496,
        496,
        496,
        496,
        496,
        496,
        496,
        496,
        496,
        496,
        496,
        496,
        496,
        496,
        496,
        496,
        496,
        496,
        496,
        496,
        496,
        496,
        496,
        496,
        496,
        496,
        496,
        496,
        496,
        496,
        496,
        496,
        496,
        496,
        496,
        496,
        496,
        496,
        496,
        496,
        496,
        496,
        496,
        496,
        496,
        496,
        496,
        496,
        496,
        496,
        496,
        496,
        496,
        496,
        496,
        496,
        496,
        496,
        496,
        496,
        496,
        496,
        496,
        496,
        496,
        496,
        496,
        496,
        496,
        496,
        496,
        496,
        496,
        496,
        496,
        496,
        496,
        496,
        496,
        496,
        496,
        496,
        496,
        496,
        496,
        496,
        496,
        496,
        496,
        496,
        496,
        496,
        496,
        496,
        496,
        496,
        496,
        496,
        496,
        496,
        496,
        496,
        496,
        496,
        496,
        496,
        496,
        496,
        496,
        496,
        496,
        496,
        496,
        496,
        496,
        496,
        496,
        496,
        496,
        496,
        496,
        496,
        496,
        496,
        496,
        496,
        496,
        496,
        496,
        496,
        496,
        496,
        496,
        496,
        496,
        496,
        496,
        496,
        496,
        496,
        496,
        496,
        496,
        496,
        496,
        496,
        496,
        496,
        496,
        496,
        496,
        496,
        496,
        496,
        496,
        496,
        496,
        496,
        496,
        496,
        496,
        496,
        496,
        496,
        496,
        496,
        496,
        496,
        496,
        496,
        496,
        496,
        496,
        496,
        496,
        496,
        496,
        496,
        496,
        496,
        496,
        496,
        496,
        496,
        496,
        496,
        496,
        496,
        496,
        496,
        496,
        496,
        496,
        496,
        496,
        496,
        496,
        496,
        496,
        496,
        496,
        496,
        496,
        496,
        496,
        496,
        496,
        496,
        496,
        496,
        496,
        496,
        496,
        496,
        496,
        496,
        496,
        496,
        496,
        496,
        496,
        496,
        496,
        496,
        236743
      ],
      "research_dispatch": {
        "counts": {
          "research_donor12b_sg8_global_attention": 512,
          "research_donor12b_sg8_local_attention": 2560,
          "research_donor12b_sg8_native_gate": 3072,
          "research_donor12b_sg8_native_projection": 9216
        },
        "overflowed": false,
        "schema": "rvllm.metal.research-dispatch.v5"
      },
      "status": "pass",
      "tok_per_s": 13.658017367507568
    }
  ],
  "checkpoint_complete": true,
  "checkpoint_completed_cases": 1,
  "checkpoint_total_cases": 1,
  "claim": "Apple Metal text inference workflow; not production-ready until acceptance gates pass",
  "command_buffer_wait_ns": 26937011212,
  "command_buffers": 65,
  "cpu_encode_ns": 301526629,
  "cpu_wall_ns": 27238537841,
  "debug_sync": false,
  "decode_ms": 4685.892416,
  "embedding_encoders": 65,
  "encoder_counts_by_kernel_family": {
    "embedding": 65,
    "final_logits_diagnostic": 0,
    "final_sample": 192,
    "layer_body": 37344,
    "layer_scale_fused": 3120,
    "ple_input": 0
  },
  "encoders": 37601,
  "final_logits_encoders": 0,
  "final_sample_encoders": 192,
  "forced_waits": 65,
  "generated_tokens": 64,
  "large_model_opt_in": true,
  "last_step_command_buffer_wait_ns": 69769875,
  "last_step_command_buffers": 1,
  "last_step_cpu_encode_ns": 4267333,
  "last_step_cpu_wall_ns": 74037208,
  "last_step_encoders": 580,
  "last_step_forced_waits": 1,
  "last_step_gpu_execution_ns": 69102375,
  "last_step_tokens": 1,
  "layer_encoders": 37344,
  "layer_scale_encoder_fusions": 3120,
  "library_compiles": 1,
  "max_supported_total_tokens": 576,
  "metal_compute_dtype": "bfloat16",
  "metal_moe_router_weight_dtype": "bfloat16",
  "metal_weight_dtype": "bfloat16",
  "model_dir": "/Users/george/.cache/huggingface/hub/models--google--gemma-4-12B-it/snapshots/707f0a3b8a3c7ad586ed01e27eafbad8a27dd0f7",
  "pipeline_state_compiles": 70,
  "ple_encoders": 0,
  "prefill_ms": 22553.543958,
  "prepare_ms": 16912.445834,
  "research_dispatch": {
    "counts": {
      "research_donor12b_sg8_global_attention": 512,
      "research_donor12b_sg8_local_attention": 2560,
      "research_donor12b_sg8_native_gate": 3072,
      "research_donor12b_sg8_native_projection": 9216
    },
    "overflowed": false,
    "schema": "rvllm.metal.research-dispatch.v5"
  },
  "schema": "rvllm.apple_metal_text_session.v1",
  "status": "pass",
  "tok_per_s": 13.658017367507568,
  "total_ms": 44153.541791999996
}
