{
  "abi": {
    "accumulation": "F32",
    "activation": "BF16",
    "output": "BF16",
    "scales": "F16"
  },
  "candidate_schedule": "n4",
  "cases": [
    {
      "accuracy": {
        "max_abs": 0.001953125,
        "relative_l2": 0.0007651122298390496
      },
      "dispatch": {
        "candidate_abi": "W4ABF16",
        "exact_correctness_dispatches_verified": 2,
        "exact_timing_dispatch_count_verified": true,
        "format": "w4a16",
        "role": "key_projection",
        "timing_dispatches": 7
      },
      "guard_unchanged": true,
      "identity": {
        "activations_bf16le_sha256": "d9c334fd86c5af2733f638dff1c5556d202cac1df30493fcc2e056de0cdf2f82",
        "cpu_low_bit_reference_bf16le_sha256": "7e19ceb449025a501430c3b9fb3fe81078702b7dc27b2def309bc08f76dc1701",
        "packed_values_sha256": "05eefdbe55734fa70e762ae89c4ac416955aea9d73792bdbccf6033b7256be9f",
        "scales_f16le_sha256": "69b519b83a28c4a85f2129f85b46c3b5d30b90e04afeefa072ac6a8c53bf7914"
      },
      "k": 3840,
      "m": 1,
      "n": 2048,
      "native_accuracy": {
        "max_abs": 2.384185791015625e-7,
        "relative_l2": 2.63904941269458e-8
      },
      "repeatable_output_bits": true,
      "timing": {
        "accumulation_dtype": "F32",
        "activation_dtype": "BF16",
        "candidate_kernel": "experimental_projection_w4abf16_bf16_n4",
        "candidate_median_ms": 0.1665,
        "candidate_ms": [
          0.169583,
          0.155666,
          0.171375,
          0.1665,
          0.146708,
          0.153291
        ],
        "method": "ABBA wall-clock commit-to-completion",
        "native_kernel": "gemm_f16_vec8 compiled as typed BF16",
        "native_median_ms": 0.165292,
        "native_ms": [
          0.162167,
          0.227333,
          0.17879199999999998,
          0.165292,
          0.151917,
          0.161583
        ],
        "native_weight_conversion": "none",
        "output_dtype": "BF16",
        "samples_per_arm": 6,
        "scale_dtype": "F16",
        "speedup": 0.9927447447447446
      }
    },
    {
      "accuracy": {
        "max_abs": 0.00390625,
        "relative_l2": 0.0007873117081379461
      },
      "dispatch": {
        "candidate_abi": "W4ABF16",
        "exact_correctness_dispatches_verified": 2,
        "exact_timing_dispatch_count_verified": true,
        "format": "w4a16",
        "role": "key_projection",
        "timing_dispatches": 7
      },
      "guard_unchanged": true,
      "identity": {
        "activations_bf16le_sha256": "6b34aede1670cac0aa2663b19805eda4b1e75a3709ad3e65332bd04c11d8c77f",
        "cpu_low_bit_reference_bf16le_sha256": "790d46b5b93a52ead2deba467b8a028f6aaaba7cc271c2a5a4b63094da8065a7",
        "packed_values_sha256": "05eefdbe55734fa70e762ae89c4ac416955aea9d73792bdbccf6033b7256be9f",
        "scales_f16le_sha256": "69b519b83a28c4a85f2129f85b46c3b5d30b90e04afeefa072ac6a8c53bf7914"
      },
      "k": 3840,
      "m": 4,
      "n": 2048,
      "native_accuracy": {
        "max_abs": 0.001953125,
        "relative_l2": 0.00010853052710295172
      },
      "repeatable_output_bits": true,
      "timing": {
        "accumulation_dtype": "F32",
        "activation_dtype": "BF16",
        "candidate_kernel": "experimental_projection_w4abf16_bf16_n4",
        "candidate_median_ms": 0.27137500000000003,
        "candidate_ms": [
          0.33925,
          0.256916,
          0.272709,
          0.27137500000000003,
          0.267625,
          0.25837499999999997
        ],
        "method": "ABBA wall-clock commit-to-completion",
        "native_kernel": "gemm_f16_vec8 compiled as typed BF16",
        "native_median_ms": 0.39925,
        "native_ms": [
          1.423542,
          0.420833,
          0.37908400000000003,
          0.39925,
          0.38475,
          0.37291599999999997
        ],
        "native_weight_conversion": "none",
        "output_dtype": "BF16",
        "samples_per_arm": 6,
        "scale_dtype": "F16",
        "speedup": 1.4712114233072315
      }
    },
    {
      "accuracy": {
        "max_abs": 0.001953125,
        "relative_l2": 0.0008043294120794219
      },
      "dispatch": {
        "candidate_abi": "W8ABF16",
        "exact_correctness_dispatches_verified": 2,
        "exact_timing_dispatch_count_verified": true,
        "format": "w8a16",
        "role": "key_projection",
        "timing_dispatches": 7
      },
      "guard_unchanged": true,
      "identity": {
        "activations_bf16le_sha256": "d9c334fd86c5af2733f638dff1c5556d202cac1df30493fcc2e056de0cdf2f82",
        "cpu_low_bit_reference_bf16le_sha256": "2cbf3f6f1660b993c1256e9ca91d9709f3d979f26bf45dd486cc0073ecc02b6a",
        "packed_values_sha256": "1a53adf3147dcf25f91da8eee75cd3b312b58922c4ff5a79549970befdcbe556",
        "scales_f16le_sha256": "e0ced5196c29492fc662d8777504144cce1e7809e4c93233616126647d0a97a6"
      },
      "k": 3840,
      "m": 1,
      "n": 2048,
      "native_accuracy": {
        "max_abs": 2.384185791015625e-7,
        "relative_l2": 2.63904941269458e-8
      },
      "repeatable_output_bits": true,
      "timing": {
        "accumulation_dtype": "F32",
        "activation_dtype": "BF16",
        "candidate_kernel": "experimental_projection_w8abf16_bf16_n4",
        "candidate_median_ms": 0.240833,
        "candidate_ms": [
          0.627333,
          0.6954170000000001,
          0.23325,
          0.22599999999999998,
          0.240833,
          0.22254100000000002
        ],
        "method": "ABBA wall-clock commit-to-completion",
        "native_kernel": "gemm_f16_vec8 compiled as typed BF16",
        "native_median_ms": 0.2625,
        "native_ms": [
          0.722875,
          0.27304199999999995,
          0.2625,
          0.22824999999999998,
          0.213458,
          0.229917
        ],
        "native_weight_conversion": "none",
        "output_dtype": "BF16",
        "samples_per_arm": 6,
        "scale_dtype": "F16",
        "speedup": 1.0899669065285904
      }
    },
    {
      "accuracy": {
        "max_abs": 0.0078125,
        "relative_l2": 0.0008953657846561072
      },
      "dispatch": {
        "candidate_abi": "W8ABF16",
        "exact_correctness_dispatches_verified": 2,
        "exact_timing_dispatch_count_verified": true,
        "format": "w8a16",
        "role": "key_projection",
        "timing_dispatches": 7
      },
      "guard_unchanged": true,
      "identity": {
        "activations_bf16le_sha256": "6b34aede1670cac0aa2663b19805eda4b1e75a3709ad3e65332bd04c11d8c77f",
        "cpu_low_bit_reference_bf16le_sha256": "9594eefee71ea49230b6010a58a5ee3b457f2dead2388c9d1aadf7e1ba086a64",
        "packed_values_sha256": "1a53adf3147dcf25f91da8eee75cd3b312b58922c4ff5a79549970befdcbe556",
        "scales_f16le_sha256": "e0ced5196c29492fc662d8777504144cce1e7809e4c93233616126647d0a97a6"
      },
      "k": 3840,
      "m": 4,
      "n": 2048,
      "native_accuracy": {
        "max_abs": 0.001953125,
        "relative_l2": 0.00010853052710295172
      },
      "repeatable_output_bits": true,
      "timing": {
        "accumulation_dtype": "F32",
        "activation_dtype": "BF16",
        "candidate_kernel": "experimental_projection_w8abf16_bf16_n4",
        "candidate_median_ms": 0.254792,
        "candidate_ms": [
          0.254792,
          0.251583,
          0.245334,
          0.24891600000000003,
          0.303083,
          0.266542
        ],
        "method": "ABBA wall-clock commit-to-completion",
        "native_kernel": "gemm_f16_vec8 compiled as typed BF16",
        "native_median_ms": 0.368,
        "native_ms": [
          0.368875,
          0.365,
          0.365125,
          0.357541,
          0.376292,
          0.368
        ],
        "native_weight_conversion": "none",
        "output_dtype": "BF16",
        "samples_per_arm": 6,
        "scale_dtype": "F16",
        "speedup": 1.444315363119721
      }
    }
  ],
  "claim": "real checkpoint projection operator evidence only; not full-route or model-quality evidence",
  "compile_counts": {
    "metal_libraries": 1,
    "pipeline_states": 3
  },
  "config_sha256": "478c46e8d2c52d5c2d85bf67e3b3e8c90e7c9d91086cee27e3c267907e936bd9",
  "executable_sha256": "95d019e8d81e19e6d704e403e00409c7d381a6b0e97fa7e8edb723f968b1d154",
  "generated_msl_sha256": "ebbef209392843f936ef177dff1499340eaa5685546eecc729294b9dee8c29a5",
  "model_dir": "/Users/george/.cache/huggingface/hub/models--google--gemma-4-12B-it/snapshots/707f0a3b8a3c7ad586ed01e27eafbad8a27dd0f7",
  "schema": "rvllm.metal_low_bit_real_weight_bf16.v1",
  "shape": [
    2048,
    3840
  ],
  "source_dtype": "Bf16",
  "source_file": "/Users/george/.cache/huggingface/hub/models--google--gemma-4-12B-it/snapshots/707f0a3b8a3c7ad586ed01e27eafbad8a27dd0f7/model.safetensors",
  "source_file_offset": 2401686914,
  "source_tensor_bytes": 15728640,
  "source_tensor_sha256": "079b15ff2455b027198ec39cc84320c244cb1bff2d09a04b548207c962268371",
  "tensor": "model.language_model.layers.0.self_attn.k_proj.weight",
  "tensor_role": "key_projection"
}
