{
  "abi": {
    "accumulation": "F32",
    "activation": "BF16",
    "output": "BF16",
    "scales": "F16"
  },
  "candidate_schedule": "n4",
  "cases": [
    {
      "accuracy": {
        "max_abs": 0.001953125,
        "relative_l2": 0.000607309437687607
      },
      "dispatch": {
        "candidate_abi": "W4ABF16",
        "exact_correctness_dispatches_verified": 2,
        "exact_timing_dispatch_count_verified": true,
        "format": "w4a16",
        "role": "value_projection",
        "timing_dispatches": 7
      },
      "guard_unchanged": true,
      "identity": {
        "activations_bf16le_sha256": "d9c334fd86c5af2733f638dff1c5556d202cac1df30493fcc2e056de0cdf2f82",
        "cpu_low_bit_reference_bf16le_sha256": "b8a113ee8a9c4c0a17b3b6764c82e1f96b6779872b8d6879de97e837a5754b4c",
        "packed_values_sha256": "f8648ee7047a750185a8205176aaf6792df5efae6e339d9ce385ca2a76fbc1bb",
        "scales_f16le_sha256": "8f8068baad393c81c29a18d9ca2ebba42878e8a116ff5e91b7b31c373b37debc"
      },
      "k": 3840,
      "m": 1,
      "n": 2048,
      "native_accuracy": {
        "max_abs": 0.0001220703125,
        "relative_l2": 0.000013188974381198575
      },
      "repeatable_output_bits": true,
      "timing": {
        "accumulation_dtype": "F32",
        "activation_dtype": "BF16",
        "candidate_kernel": "experimental_projection_w4abf16_bf16_n4",
        "candidate_median_ms": 0.259542,
        "candidate_ms": [
          0.250417,
          1.791042,
          0.448,
          0.259542,
          0.226625,
          0.23
        ],
        "method": "ABBA wall-clock commit-to-completion",
        "native_kernel": "gemm_f16_vec8 compiled as typed BF16",
        "native_median_ms": 0.7659159999999999,
        "native_ms": [
          0.372792,
          0.583458,
          0.954084,
          1.211625,
          0.5975,
          0.7659159999999999
        ],
        "native_weight_conversion": "none",
        "output_dtype": "BF16",
        "samples_per_arm": 6,
        "scale_dtype": "F16",
        "speedup": 2.9510291205276986
      }
    },
    {
      "accuracy": {
        "max_abs": 0.00390625,
        "relative_l2": 0.0007177366451812947
      },
      "dispatch": {
        "candidate_abi": "W4ABF16",
        "exact_correctness_dispatches_verified": 2,
        "exact_timing_dispatch_count_verified": true,
        "format": "w4a16",
        "role": "value_projection",
        "timing_dispatches": 7
      },
      "guard_unchanged": true,
      "identity": {
        "activations_bf16le_sha256": "6b34aede1670cac0aa2663b19805eda4b1e75a3709ad3e65332bd04c11d8c77f",
        "cpu_low_bit_reference_bf16le_sha256": "73c3e1534047bad07fc78d6c403900a21e27aacd87b6f070e98e171357779e9d",
        "packed_values_sha256": "f8648ee7047a750185a8205176aaf6792df5efae6e339d9ce385ca2a76fbc1bb",
        "scales_f16le_sha256": "8f8068baad393c81c29a18d9ca2ebba42878e8a116ff5e91b7b31c373b37debc"
      },
      "k": 3840,
      "m": 4,
      "n": 2048,
      "native_accuracy": {
        "max_abs": 0.0009765625,
        "relative_l2": 0.00005250241644224226
      },
      "repeatable_output_bits": true,
      "timing": {
        "accumulation_dtype": "F32",
        "activation_dtype": "BF16",
        "candidate_kernel": "experimental_projection_w4abf16_bf16_n4",
        "candidate_median_ms": 0.310458,
        "candidate_ms": [
          0.823,
          0.386458,
          0.310458,
          0.294334,
          0.278792,
          0.284708
        ],
        "method": "ABBA wall-clock commit-to-completion",
        "native_kernel": "gemm_f16_vec8 compiled as typed BF16",
        "native_median_ms": 0.416209,
        "native_ms": [
          0.8420839999999999,
          0.4815,
          0.416209,
          0.404834,
          0.39675000000000005,
          0.406583
        ],
        "native_weight_conversion": "none",
        "output_dtype": "BF16",
        "samples_per_arm": 6,
        "scale_dtype": "F16",
        "speedup": 1.3406290061779693
      }
    },
    {
      "accuracy": {
        "max_abs": 0.001953125,
        "relative_l2": 0.0008143933319599552
      },
      "dispatch": {
        "candidate_abi": "W8ABF16",
        "exact_correctness_dispatches_verified": 2,
        "exact_timing_dispatch_count_verified": true,
        "format": "w8a16",
        "role": "value_projection",
        "timing_dispatches": 7
      },
      "guard_unchanged": true,
      "identity": {
        "activations_bf16le_sha256": "d9c334fd86c5af2733f638dff1c5556d202cac1df30493fcc2e056de0cdf2f82",
        "cpu_low_bit_reference_bf16le_sha256": "08574d60a1c2fd6b7b9a065c170295d39789e3c70f72956d62ab84cdd14304ac",
        "packed_values_sha256": "1d6eac5a59361430a0d37a66db4a75211e3c2d7d19d8cd1229c9256c2fe2c709",
        "scales_f16le_sha256": "d434b412e4cd4c44e717211b182911a2e7e809dcb1c94bded40642c5da2f8d04"
      },
      "k": 3840,
      "m": 1,
      "n": 2048,
      "native_accuracy": {
        "max_abs": 0.0001220703125,
        "relative_l2": 0.000013188974381198575
      },
      "repeatable_output_bits": true,
      "timing": {
        "accumulation_dtype": "F32",
        "activation_dtype": "BF16",
        "candidate_kernel": "experimental_projection_w8abf16_bf16_n4",
        "candidate_median_ms": 0.18675,
        "candidate_ms": [
          0.6880000000000001,
          0.22420900000000002,
          0.16591699999999998,
          0.159625,
          0.172292,
          0.18675
        ],
        "method": "ABBA wall-clock commit-to-completion",
        "native_kernel": "gemm_f16_vec8 compiled as typed BF16",
        "native_median_ms": 0.23366599999999998,
        "native_ms": [
          0.7230420000000001,
          0.204334,
          0.162125,
          0.16504200000000002,
          0.239292,
          0.23366599999999998
        ],
        "native_weight_conversion": "none",
        "output_dtype": "BF16",
        "samples_per_arm": 6,
        "scale_dtype": "F16",
        "speedup": 1.2512235609103077
      }
    },
    {
      "accuracy": {
        "max_abs": 0.001953125,
        "relative_l2": 0.0008749286828229173
      },
      "dispatch": {
        "candidate_abi": "W8ABF16",
        "exact_correctness_dispatches_verified": 2,
        "exact_timing_dispatch_count_verified": true,
        "format": "w8a16",
        "role": "value_projection",
        "timing_dispatches": 7
      },
      "guard_unchanged": true,
      "identity": {
        "activations_bf16le_sha256": "6b34aede1670cac0aa2663b19805eda4b1e75a3709ad3e65332bd04c11d8c77f",
        "cpu_low_bit_reference_bf16le_sha256": "8c5f527bc02af2c140f70b017e10279f44385027ad1eaa38a40091e04538de48",
        "packed_values_sha256": "1d6eac5a59361430a0d37a66db4a75211e3c2d7d19d8cd1229c9256c2fe2c709",
        "scales_f16le_sha256": "d434b412e4cd4c44e717211b182911a2e7e809dcb1c94bded40642c5da2f8d04"
      },
      "k": 3840,
      "m": 4,
      "n": 2048,
      "native_accuracy": {
        "max_abs": 0.0009765625,
        "relative_l2": 0.00005250241644224226
      },
      "repeatable_output_bits": true,
      "timing": {
        "accumulation_dtype": "F32",
        "activation_dtype": "BF16",
        "candidate_kernel": "experimental_projection_w8abf16_bf16_n4",
        "candidate_median_ms": 0.357417,
        "candidate_ms": [
          0.29320799999999997,
          0.33425000000000005,
          1.055125,
          0.357417,
          0.33599999999999997,
          0.79725
        ],
        "method": "ABBA wall-clock commit-to-completion",
        "native_kernel": "gemm_f16_vec8 compiled as typed BF16",
        "native_median_ms": 0.8720000000000001,
        "native_ms": [
          0.434042,
          0.445708,
          0.506,
          0.8720000000000001,
          0.8805,
          2.147875
        ],
        "native_weight_conversion": "none",
        "output_dtype": "BF16",
        "samples_per_arm": 6,
        "scale_dtype": "F16",
        "speedup": 2.439727265351117
      }
    }
  ],
  "claim": "real checkpoint projection operator evidence only; not full-route or model-quality evidence",
  "compile_counts": {
    "metal_libraries": 1,
    "pipeline_states": 3
  },
  "config_sha256": "478c46e8d2c52d5c2d85bf67e3b3e8c90e7c9d91086cee27e3c267907e936bd9",
  "executable_sha256": "95d019e8d81e19e6d704e403e00409c7d381a6b0e97fa7e8edb723f968b1d154",
  "generated_msl_sha256": "ebbef209392843f936ef177dff1499340eaa5685546eecc729294b9dee8c29a5",
  "model_dir": "/Users/george/.cache/huggingface/hub/models--google--gemma-4-12B-it/snapshots/707f0a3b8a3c7ad586ed01e27eafbad8a27dd0f7",
  "schema": "rvllm.metal_low_bit_real_weight_bf16.v1",
  "shape": [
    2048,
    3840
  ],
  "source_dtype": "Bf16",
  "source_file": "/Users/george/.cache/huggingface/hub/models--google--gemma-4-12B-it/snapshots/707f0a3b8a3c7ad586ed01e27eafbad8a27dd0f7/model.safetensors",
  "source_file_offset": 2480330626,
  "source_tensor_bytes": 15728640,
  "source_tensor_sha256": "160fe50336b1fa36af72fc21959644284714cfaaea8406a98bb8ae4062672edf",
  "tensor": "model.language_model.layers.0.self_attn.v_proj.weight",
  "tensor_role": "value_projection"
}
