{
  "abi": {
    "accumulation": "F32",
    "activation": "BF16",
    "output": "BF16",
    "scales": "F16"
  },
  "candidate_schedule": "n8",
  "cases": [
    {
      "accuracy": {
        "max_abs": 0.00390625,
        "relative_l2": 0.0008470032634019561
      },
      "dispatch": {
        "candidate_abi": "W4ABF16",
        "exact_correctness_dispatches_verified": 2,
        "exact_timing_dispatch_count_verified": true,
        "format": "w4a16",
        "role": "dense_down_projection",
        "timing_dispatches": 7
      },
      "guard_unchanged": true,
      "identity": {
        "activations_bf16le_sha256": "6b34aede1670cac0aa2663b19805eda4b1e75a3709ad3e65332bd04c11d8c77f",
        "cpu_low_bit_reference_bf16le_sha256": "86963a1407cd0988e9fc07ec563efb8a1f1e72e9a4fc537f826dfa47f68061ba",
        "packed_values_sha256": "5f25d4d760c4adf0a1e6581a024e3eea2e4b729f85144162c9998c27dbdee00e",
        "scales_f16le_sha256": "95b97ae914375a61e1e2b4848da79af4f7b6446bf6e0962981cd16da993713c5"
      },
      "k": 15360,
      "m": 1,
      "n": 3840,
      "native_accuracy": {
        "max_abs": 0.001953125,
        "relative_l2": 0.00013074817921427637
      },
      "repeatable_output_bits": true,
      "timing": {
        "accumulation_dtype": "F32",
        "activation_dtype": "BF16",
        "candidate_kernel": "experimental_projection_w4abf16_bf16_n8",
        "candidate_median_ms": 0.694708,
        "candidate_ms": [
          0.7110420000000001,
          0.660792,
          0.694708,
          0.657167,
          0.716584,
          0.6775420000000001
        ],
        "method": "ABBA wall-clock commit-to-completion",
        "native_kernel": "gemm_f16_vec8 compiled as typed BF16",
        "native_median_ms": 0.796416,
        "native_ms": [
          0.805416,
          0.762958,
          0.760792,
          0.763875,
          0.796416,
          0.818125
        ],
        "native_weight_conversion": "none",
        "output_dtype": "BF16",
        "samples_per_arm": 6,
        "scale_dtype": "F16",
        "speedup": 1.1464039567703266
      }
    },
    {
      "accuracy": {
        "max_abs": 0.0078125,
        "relative_l2": 0.0008460919040142253
      },
      "dispatch": {
        "candidate_abi": "W4ABF16",
        "exact_correctness_dispatches_verified": 2,
        "exact_timing_dispatch_count_verified": true,
        "format": "w4a16",
        "role": "dense_down_projection",
        "timing_dispatches": 7
      },
      "guard_unchanged": true,
      "identity": {
        "activations_bf16le_sha256": "bae3fed3a64cf38ebb7f8f59e9e0595b22ab92633f55f3ac71071a629d656140",
        "cpu_low_bit_reference_bf16le_sha256": "e8821b46497838a96c403d318c94a6a1126ab7c1b0b17dbcb2cd94392e95da9b",
        "packed_values_sha256": "5f25d4d760c4adf0a1e6581a024e3eea2e4b729f85144162c9998c27dbdee00e",
        "scales_f16le_sha256": "95b97ae914375a61e1e2b4848da79af4f7b6446bf6e0962981cd16da993713c5"
      },
      "k": 15360,
      "m": 4,
      "n": 3840,
      "native_accuracy": {
        "max_abs": 0.001953125,
        "relative_l2": 0.00009302459962857533
      },
      "repeatable_output_bits": true,
      "timing": {
        "accumulation_dtype": "F32",
        "activation_dtype": "BF16",
        "candidate_kernel": "experimental_projection_w4abf16_bf16_n8",
        "candidate_median_ms": 1.639291,
        "candidate_ms": [
          1.721458,
          2.224084,
          1.639291,
          1.144833,
          0.9902500000000001,
          1.119583
        ],
        "method": "ABBA wall-clock commit-to-completion",
        "native_kernel": "gemm_f16_vec8 compiled as typed BF16",
        "native_median_ms": 2.756083,
        "native_ms": [
          2.756083,
          3.611875,
          3.616459,
          2.594,
          2.513958,
          2.403166
        ],
        "native_weight_conversion": "none",
        "output_dtype": "BF16",
        "samples_per_arm": 6,
        "scale_dtype": "F16",
        "speedup": 1.6812652543081124
      }
    },
    {
      "accuracy": {
        "max_abs": 0.00390625,
        "relative_l2": 0.0008613437432613884
      },
      "dispatch": {
        "candidate_abi": "W8ABF16",
        "exact_correctness_dispatches_verified": 2,
        "exact_timing_dispatch_count_verified": true,
        "format": "w8a16",
        "role": "dense_down_projection",
        "timing_dispatches": 7
      },
      "guard_unchanged": true,
      "identity": {
        "activations_bf16le_sha256": "6b34aede1670cac0aa2663b19805eda4b1e75a3709ad3e65332bd04c11d8c77f",
        "cpu_low_bit_reference_bf16le_sha256": "69c18323b37d46a6d6c3bbc45d16992b4864572f76af034bd37e345062cf6433",
        "packed_values_sha256": "b885c80ac1f7152998d3e29917f1fd060348d3fd6ab5b1bbf448867a8d5d0842",
        "scales_f16le_sha256": "1e4bd6dace99ed4ab6cca745ba42f3a64ac662e1a143eea8b71c9c3f14d41175"
      },
      "k": 15360,
      "m": 1,
      "n": 3840,
      "native_accuracy": {
        "max_abs": 0.001953125,
        "relative_l2": 0.00013074817921427637
      },
      "repeatable_output_bits": true,
      "timing": {
        "accumulation_dtype": "F32",
        "activation_dtype": "BF16",
        "candidate_kernel": "experimental_projection_w8abf16_bf16_n8",
        "candidate_median_ms": 1.144834,
        "candidate_ms": [
          2.40775,
          2.513916,
          1.144834,
          0.90625,
          0.802667,
          0.804042
        ],
        "method": "ABBA wall-clock commit-to-completion",
        "native_kernel": "gemm_f16_vec8 compiled as typed BF16",
        "native_median_ms": 0.796791,
        "native_ms": [
          1.103,
          0.796791,
          1.1439169999999999,
          0.792417,
          0.764041,
          0.768583
        ],
        "native_weight_conversion": "none",
        "output_dtype": "BF16",
        "samples_per_arm": 6,
        "scale_dtype": "F16",
        "speedup": 0.6959882393429966
      }
    },
    {
      "accuracy": {
        "max_abs": 0.0078125,
        "relative_l2": 0.0008812257564972667
      },
      "dispatch": {
        "candidate_abi": "W8ABF16",
        "exact_correctness_dispatches_verified": 2,
        "exact_timing_dispatch_count_verified": true,
        "format": "w8a16",
        "role": "dense_down_projection",
        "timing_dispatches": 7
      },
      "guard_unchanged": true,
      "identity": {
        "activations_bf16le_sha256": "bae3fed3a64cf38ebb7f8f59e9e0595b22ab92633f55f3ac71071a629d656140",
        "cpu_low_bit_reference_bf16le_sha256": "04eb5ac726b3f702b6fee3351f19db32e0952974487cef9e4959675aefeeaade",
        "packed_values_sha256": "b885c80ac1f7152998d3e29917f1fd060348d3fd6ab5b1bbf448867a8d5d0842",
        "scales_f16le_sha256": "1e4bd6dace99ed4ab6cca745ba42f3a64ac662e1a143eea8b71c9c3f14d41175"
      },
      "k": 15360,
      "m": 4,
      "n": 3840,
      "native_accuracy": {
        "max_abs": 0.001953125,
        "relative_l2": 0.00009302459962857533
      },
      "repeatable_output_bits": true,
      "timing": {
        "accumulation_dtype": "F32",
        "activation_dtype": "BF16",
        "candidate_kernel": "experimental_projection_w8abf16_bf16_n8",
        "candidate_median_ms": 1.889916,
        "candidate_ms": [
          1.4703330000000001,
          1.564875,
          2.93175,
          2.721084,
          1.889916,
          0.905333
        ],
        "method": "ABBA wall-clock commit-to-completion",
        "native_kernel": "gemm_f16_vec8 compiled as typed BF16",
        "native_median_ms": 3.036916,
        "native_ms": [
          3.036916,
          2.7339170000000004,
          3.06425,
          3.655083,
          2.480708,
          2.715917
        ],
        "native_weight_conversion": "none",
        "output_dtype": "BF16",
        "samples_per_arm": 6,
        "scale_dtype": "F16",
        "speedup": 1.6069052804463269
      }
    }
  ],
  "claim": "real checkpoint projection operator evidence only; not full-route or model-quality evidence",
  "compile_counts": {
    "metal_libraries": 1,
    "pipeline_states": 3
  },
  "config_sha256": "478c46e8d2c52d5c2d85bf67e3b3e8c90e7c9d91086cee27e3c267907e936bd9",
  "executable_sha256": "ce1a86abd5999735f0da17619965fd12648cf736972077217a2c3f83e16611f5",
  "generated_msl_sha256": "0a563c15ad70d8008b1e069637d95b14086b7ee26be08a588114d197cb344911",
  "model_dir": "/Users/george/.cache/huggingface/hub/models--google--gemma-4-12B-it/snapshots/707f0a3b8a3c7ad586ed01e27eafbad8a27dd0f7",
  "schema": "rvllm.metal_low_bit_real_weight_bf16.v1",
  "shape": [
    3840,
    15360
  ],
  "source_dtype": "Bf16",
  "source_file": "/Users/george/.cache/huggingface/hub/models--google--gemma-4-12B-it/snapshots/707f0a3b8a3c7ad586ed01e27eafbad8a27dd0f7/model.safetensors",
  "source_file_offset": 2047768962,
  "source_tensor_bytes": 117964800,
  "source_tensor_sha256": "39c7935f5f0d2b491af13596579eadd58101a2af128ffec922b20f0a3ef29bab",
  "tensor": "model.language_model.layers.0.mlp.down_proj.weight",
  "tensor_role": "dense_down_projection"
}
