{
  "arena_bytes": 24730762336,
  "claim": "Apple Metal text inference workflow; not production-ready until acceptance gates pass",
  "command_buffer_wait_ns": 16840604542,
  "command_buffers": 66,
  "cpu_encode_ns": 359725039,
  "cpu_wall_ns": 17200329581,
  "debug_sync": false,
  "decode_ms": 4567.601917,
  "diagnostic_top_logits": [
    {
      "logit": 17.375,
      "token_id": 236761
    },
    {
      "logit": 16.625,
      "token_id": 236770
    },
    {
      "logit": 15.3125,
      "token_id": 236779
    },
    {
      "logit": 14.75,
      "token_id": 236764
    },
    {
      "logit": 12.9375,
      "token_id": 236771
    },
    {
      "logit": 12.625,
      "token_id": 236772
    },
    {
      "logit": 11.1875,
      "token_id": 236778
    },
    {
      "logit": 11.0625,
      "token_id": 236800
    },
    {
      "logit": 10.75,
      "token_id": 236829
    },
    {
      "logit": 10.5625,
      "token_id": 236744
    }
  ],
  "embedding_encoders": 65,
  "encoder_counts_by_kernel_family": {
    "embedding": 65,
    "final_logits_diagnostic": 3,
    "final_sample": 192,
    "layer_body": 37344,
    "layer_scale_fused": 3120,
    "ple_input": 0
  },
  "encoders": 37604,
  "final_logits_encoders": 3,
  "final_sample_encoders": 192,
  "finish_reason": "length",
  "forced_waits": 66,
  "generated_text": "1111.....1111111111111111111111111111111111111111111111111111...",
  "generated_token_ids": [
    236770,
    236770,
    236770,
    236770,
    236761,
    236761,
    236761,
    236761,
    236761,
    236770,
    236770,
    236770,
    236770,
    236770,
    236770,
    236770,
    236770,
    236770,
    236770,
    236770,
    236770,
    236770,
    236770,
    236770,
    236770,
    236770,
    236770,
    236770,
    236770,
    236770,
    236770,
    236770,
    236770,
    236770,
    236770,
    236770,
    236770,
    236770,
    236770,
    236770,
    236770,
    236770,
    236770,
    236770,
    236770,
    236770,
    236770,
    236770,
    236770,
    236770,
    236770,
    236770,
    236770,
    236770,
    236770,
    236770,
    236770,
    236770,
    236770,
    236770,
    236770,
    236761,
    236761,
    236761
  ],
  "hf_reference": null,
  "large_model_opt_in": true,
  "last_step_command_buffer_wait_ns": 64077250,
  "last_step_command_buffers": 1,
  "last_step_cpu_encode_ns": 5225791,
  "last_step_cpu_wall_ns": 69303041,
  "last_step_encoders": 580,
  "last_step_forced_waits": 1,
  "last_step_gpu_execution_ns": 63448375,
  "last_step_tokens": 1,
  "layer_encoders": 37344,
  "layer_scale_encoder_fusions": 3120,
  "library_compiles": 1,
  "max_new_tokens": 64,
  "max_supported_total_tokens": 320,
  "metal_compute_dtype": "bfloat16",
  "metal_moe_router_weight_dtype": "bfloat16",
  "metal_weight_dtype": "bfloat16",
  "model_dir": "/Users/george/.cache/huggingface/hub/models--google--gemma-4-12B-it/snapshots/707f0a3b8a3c7ad586ed01e27eafbad8a27dd0f7",
  "output_text": "a a a a a a a a a a a a a a a a a a a a a a a a a a a a a a a a a a a a a a a a a a a a a a a a a a a a a a a a a a a a a a a a a a a a a a a a a a a a a a a a a a a a a a a a a a a a a a a a a a a a a a a a a a a a a a a a a a a a a a a a a a a a a a a a a a a a a a a a a a a a a a a a a a a a a a a a a a a a a a a a a a a a a a a a a a a a a a a a a a a a a a a a a a a a a a a a a a a a a a a a a a a a a a a a a a a a a a a a a a a a a a a a a a a a a a a a a a a a a a a a a a a a a a a a a a a a a a a 1111.....1111111111111111111111111111111111111111111111111111...",
  "output_token_ids": [
    236746,
    496,
    496,
    496,
    496,
    496,
    496,
    496,
    496,
    496,
    496,
    496,
    496,
    496,
    496,
    496,
    496,
    496,
    496,
    496,
    496,
    496,
    496,
    496,
    496,
    496,
    496,
    496,
    496,
    496,
    496,
    496,
    496,
    496,
    496,
    496,
    496,
    496,
    496,
    496,
    496,
    496,
    496,
    496,
    496,
    496,
    496,
    496,
    496,
    496,
    496,
    496,
    496,
    496,
    496,
    496,
    496,
    496,
    496,
    496,
    496,
    496,
    496,
    496,
    496,
    496,
    496,
    496,
    496,
    496,
    496,
    496,
    496,
    496,
    496,
    496,
    496,
    496,
    496,
    496,
    496,
    496,
    496,
    496,
    496,
    496,
    496,
    496,
    496,
    496,
    496,
    496,
    496,
    496,
    496,
    496,
    496,
    496,
    496,
    496,
    496,
    496,
    496,
    496,
    496,
    496,
    496,
    496,
    496,
    496,
    496,
    496,
    496,
    496,
    496,
    496,
    496,
    496,
    496,
    496,
    496,
    496,
    496,
    496,
    496,
    496,
    496,
    496,
    496,
    496,
    496,
    496,
    496,
    496,
    496,
    496,
    496,
    496,
    496,
    496,
    496,
    496,
    496,
    496,
    496,
    496,
    496,
    496,
    496,
    496,
    496,
    496,
    496,
    496,
    496,
    496,
    496,
    496,
    496,
    496,
    496,
    496,
    496,
    496,
    496,
    496,
    496,
    496,
    496,
    496,
    496,
    496,
    496,
    496,
    496,
    496,
    496,
    496,
    496,
    496,
    496,
    496,
    496,
    496,
    496,
    496,
    496,
    496,
    496,
    496,
    496,
    496,
    496,
    496,
    496,
    496,
    496,
    496,
    496,
    496,
    496,
    496,
    496,
    496,
    496,
    496,
    496,
    496,
    496,
    496,
    496,
    496,
    496,
    496,
    496,
    496,
    496,
    496,
    496,
    496,
    496,
    496,
    496,
    496,
    496,
    496,
    496,
    496,
    496,
    496,
    496,
    496,
    496,
    496,
    496,
    496,
    496,
    496,
    496,
    496,
    496,
    496,
    496,
    496,
    496,
    496,
    496,
    496,
    496,
    496,
    496,
    496,
    496,
    496,
    496,
    236743,
    236770,
    236770,
    236770,
    236770,
    236761,
    236761,
    236761,
    236761,
    236761,
    236770,
    236770,
    236770,
    236770,
    236770,
    236770,
    236770,
    236770,
    236770,
    236770,
    236770,
    236770,
    236770,
    236770,
    236770,
    236770,
    236770,
    236770,
    236770,
    236770,
    236770,
    236770,
    236770,
    236770,
    236770,
    236770,
    236770,
    236770,
    236770,
    236770,
    236770,
    236770,
    236770,
    236770,
    236770,
    236770,
    236770,
    236770,
    236770,
    236770,
    236770,
    236770,
    236770,
    236770,
    236770,
    236770,
    236770,
    236770,
    236770,
    236770,
    236770,
    236770,
    236761,
    236761,
    236761
  ],
  "pipeline_state_compiles": 70,
  "ple_encoders": 0,
  "prefill_ms": 12633.835375,
  "prepare_ms": 19196.356542,
  "prompt": "a a a a a a a a a a a a a a a a a a a a a a a a a a a a a a a a a a a a a a a a a a a a a a a a a a a a a a a a a a a a a a a a a a a a a a a a a a a a a a a a a a a a a a a a a a a a a a a a a a a a a a a a a a a a a a a a a a a a a a a a a a a a a a a a a a a a a a a a a a a a a a a a a a a a a a a a a a a a a a a a a a a a a a a a a a a a a a a a a a a a a a a a a a a a a a a a a a a a a a a a a a a a a a a a a a a a a a a a a a a a a a a a a a a a a a a a a a a a a a a a a a a a a a a a a a a a a a a ",
  "prompt_token_ids": [
    236746,
    496,
    496,
    496,
    496,
    496,
    496,
    496,
    496,
    496,
    496,
    496,
    496,
    496,
    496,
    496,
    496,
    496,
    496,
    496,
    496,
    496,
    496,
    496,
    496,
    496,
    496,
    496,
    496,
    496,
    496,
    496,
    496,
    496,
    496,
    496,
    496,
    496,
    496,
    496,
    496,
    496,
    496,
    496,
    496,
    496,
    496,
    496,
    496,
    496,
    496,
    496,
    496,
    496,
    496,
    496,
    496,
    496,
    496,
    496,
    496,
    496,
    496,
    496,
    496,
    496,
    496,
    496,
    496,
    496,
    496,
    496,
    496,
    496,
    496,
    496,
    496,
    496,
    496,
    496,
    496,
    496,
    496,
    496,
    496,
    496,
    496,
    496,
    496,
    496,
    496,
    496,
    496,
    496,
    496,
    496,
    496,
    496,
    496,
    496,
    496,
    496,
    496,
    496,
    496,
    496,
    496,
    496,
    496,
    496,
    496,
    496,
    496,
    496,
    496,
    496,
    496,
    496,
    496,
    496,
    496,
    496,
    496,
    496,
    496,
    496,
    496,
    496,
    496,
    496,
    496,
    496,
    496,
    496,
    496,
    496,
    496,
    496,
    496,
    496,
    496,
    496,
    496,
    496,
    496,
    496,
    496,
    496,
    496,
    496,
    496,
    496,
    496,
    496,
    496,
    496,
    496,
    496,
    496,
    496,
    496,
    496,
    496,
    496,
    496,
    496,
    496,
    496,
    496,
    496,
    496,
    496,
    496,
    496,
    496,
    496,
    496,
    496,
    496,
    496,
    496,
    496,
    496,
    496,
    496,
    496,
    496,
    496,
    496,
    496,
    496,
    496,
    496,
    496,
    496,
    496,
    496,
    496,
    496,
    496,
    496,
    496,
    496,
    496,
    496,
    496,
    496,
    496,
    496,
    496,
    496,
    496,
    496,
    496,
    496,
    496,
    496,
    496,
    496,
    496,
    496,
    496,
    496,
    496,
    496,
    496,
    496,
    496,
    496,
    496,
    496,
    496,
    496,
    496,
    496,
    496,
    496,
    496,
    496,
    496,
    496,
    496,
    496,
    496,
    496,
    496,
    496,
    496,
    496,
    496,
    496,
    496,
    496,
    496,
    496,
    236743
  ],
  "research_dispatch": {
    "counts": {
      "research_donor12b_sg8_global_attention": 512,
      "research_donor12b_sg8_local_attention": 2560,
      "research_donor12b_sg8_native_gate": 3072,
      "research_donor12b_sg8_native_projection": 9217
    },
    "overflowed": false,
    "schema": "rvllm.metal.research-dispatch.v5"
  },
  "schema": "rvllm.apple_metal_text_infer.v1",
  "tok_per_s": 14.011728947262371
}
