{
  "arena_bytes": 25587586656,
  "claim": "Apple Metal text inference workflow; not production-ready until acceptance gates pass",
  "command_buffer_wait_ns": 51040772417,
  "command_buffers": 39,
  "cpu_encode_ns": 200017621,
  "cpu_wall_ns": 51240790038,
  "debug_sync": false,
  "decode_ms": 9266.19775,
  "diagnostic_top_logits": [
    {
      "logit": 16.375,
      "token_id": 236761
    },
    {
      "logit": 16.25,
      "token_id": 236770
    },
    {
      "logit": 14.625,
      "token_id": 236779
    },
    {
      "logit": 13.9375,
      "token_id": 236771
    },
    {
      "logit": 13.5625,
      "token_id": 236772
    },
    {
      "logit": 13.25,
      "token_id": 236764
    },
    {
      "logit": 11.375,
      "token_id": 236802
    },
    {
      "logit": 10.75,
      "token_id": 236758
    },
    {
      "logit": 10.3125,
      "token_id": 236793
    },
    {
      "logit": 10.0625,
      "token_id": 602
    }
  ],
  "embedding_encoders": 38,
  "encoder_counts_by_kernel_family": {
    "embedding": 38,
    "final_logits_diagnostic": 3,
    "final_sample": 111,
    "layer_body": 21792,
    "layer_scale_fused": 1824,
    "ple_input": 0
  },
  "encoders": 21944,
  "final_logits_encoders": 3,
  "final_sample_encoders": 111,
  "finish_reason": "length",
  "forced_waits": 39,
  "generated_text": "11111.11..111........................",
  "generated_token_ids": [
    236770,
    236770,
    236770,
    236770,
    236770,
    236761,
    236770,
    236770,
    236761,
    236761,
    236770,
    236770,
    236770,
    236761,
    236761,
    236761,
    236761,
    236761,
    236761,
    236761,
    236761,
    236761,
    236761,
    236761,
    236761,
    236761,
    236761,
    236761,
    236761,
    236761,
    236761,
    236761,
    236761,
    236761,
    236761,
    236761,
    236761
  ],
  "hf_reference": null,
  "large_model_opt_in": true,
  "last_step_command_buffer_wait_ns": 176704709,
  "last_step_command_buffers": 1,
  "last_step_cpu_encode_ns": 4006999,
  "last_step_cpu_wall_ns": 180711708,
  "last_step_encoders": 580,
  "last_step_forced_waits": 1,
  "last_step_gpu_execution_ns": 174079041,
  "last_step_tokens": 1,
  "layer_encoders": 21792,
  "layer_scale_encoder_fusions": 1824,
  "library_compiles": 1,
  "max_new_tokens": 37,
  "max_supported_total_tokens": 549,
  "metal_compute_dtype": "bfloat16",
  "metal_moe_router_weight_dtype": "bfloat16",
  "metal_weight_dtype": "bfloat16",
  "model_dir": "/Users/george/.cache/huggingface/hub/models--google--gemma-4-12B-it/snapshots/707f0a3b8a3c7ad586ed01e27eafbad8a27dd0f7",
  "output_text": "a a a a a a a a a a a a a a a a a a a a a a a a a a a a a a a a a a a a a a a a a a a a a a a a a a a a a a a a a a a a a a a a a a a a a a a a a a a a a a a a a a a a a a a a a a a a a a a a a a a a a a a a a a a a a a a a a a a a a a a a a a a a a a a a a a a a a a a a a a a a a a a a a a a a a a a a a a a a a a a a a a a a a a a a a a a a a a a a a a a a a a a a a a a a a a a a a a a a a a a a a a a a a a a a a a a a a a a a a a a a a a a a a a a a a a a a a a a a a a a a a a a a a a a a a a a a a a a a a a a a a a a a a a a a a a a a a a a a a a a a a a a a a a a a a a a a a a a a a a a a a a a a a a a a a a a a a a a a a a a a a a a a a a a a a a a a a a a a a a a a a a a a a a a a a a a a a a a a a a a a a a a a a a a a a a a a a a a a a a a a a a a a a a a a a a a a a a a a a a a a a a a a a a a a a a a a a a a a a a a a a a a a a a a a a a a a a a a a a a a a a a a a a a a a a a a a a a a a a a a a a a a a a a a a a a a a a a a a a a a a a a a a a a a a a a a a a a a a a a a a a a a a a a a a a a a 11111.11..111........................",
  "output_token_ids": [
    236746,
    496,
    496,
    496,
    496,
    496,
    496,
    496,
    496,
    496,
    496,
    496,
    496,
    496,
    496,
    496,
    496,
    496,
    496,
    496,
    496,
    496,
    496,
    496,
    496,
    496,
    496,
    496,
    496,
    496,
    496,
    496,
    496,
    496,
    496,
    496,
    496,
    496,
    496,
    496,
    496,
    496,
    496,
    496,
    496,
    496,
    496,
    496,
    496,
    496,
    496,
    496,
    496,
    496,
    496,
    496,
    496,
    496,
    496,
    496,
    496,
    496,
    496,
    496,
    496,
    496,
    496,
    496,
    496,
    496,
    496,
    496,
    496,
    496,
    496,
    496,
    496,
    496,
    496,
    496,
    496,
    496,
    496,
    496,
    496,
    496,
    496,
    496,
    496,
    496,
    496,
    496,
    496,
    496,
    496,
    496,
    496,
    496,
    496,
    496,
    496,
    496,
    496,
    496,
    496,
    496,
    496,
    496,
    496,
    496,
    496,
    496,
    496,
    496,
    496,
    496,
    496,
    496,
    496,
    496,
    496,
    496,
    496,
    496,
    496,
    496,
    496,
    496,
    496,
    496,
    496,
    496,
    496,
    496,
    496,
    496,
    496,
    496,
    496,
    496,
    496,
    496,
    496,
    496,
    496,
    496,
    496,
    496,
    496,
    496,
    496,
    496,
    496,
    496,
    496,
    496,
    496,
    496,
    496,
    496,
    496,
    496,
    496,
    496,
    496,
    496,
    496,
    496,
    496,
    496,
    496,
    496,
    496,
    496,
    496,
    496,
    496,
    496,
    496,
    496,
    496,
    496,
    496,
    496,
    496,
    496,
    496,
    496,
    496,
    496,
    496,
    496,
    496,
    496,
    496,
    496,
    496,
    496,
    496,
    496,
    496,
    496,
    496,
    496,
    496,
    496,
    496,
    496,
    496,
    496,
    496,
    496,
    496,
    496,
    496,
    496,
    496,
    496,
    496,
    496,
    496,
    496,
    496,
    496,
    496,
    496,
    496,
    496,
    496,
    496,
    496,
    496,
    496,
    496,
    496,
    496,
    496,
    496,
    496,
    496,
    496,
    496,
    496,
    496,
    496,
    496,
    496,
    496,
    496,
    496,
    496,
    496,
    496,
    496,
    496,
    496,
    496,
    496,
    496,
    496,
    496,
    496,
    496,
    496,
    496,
    496,
    496,
    496,
    496,
    496,
    496,
    496,
    496,
    496,
    496,
    496,
    496,
    496,
    496,
    496,
    496,
    496,
    496,
    496,
    496,
    496,
    496,
    496,
    496,
    496,
    496,
    496,
    496,
    496,
    496,
    496,
    496,
    496,
    496,
    496,
    496,
    496,
    496,
    496,
    496,
    496,
    496,
    496,
    496,
    496,
    496,
    496,
    496,
    496,
    496,
    496,
    496,
    496,
    496,
    496,
    496,
    496,
    496,
    496,
    496,
    496,
    496,
    496,
    496,
    496,
    496,
    496,
    496,
    496,
    496,
    496,
    496,
    496,
    496,
    496,
    496,
    496,
    496,
    496,
    496,
    496,
    496,
    496,
    496,
    496,
    496,
    496,
    496,
    496,
    496,
    496,
    496,
    496,
    496,
    496,
    496,
    496,
    496,
    496,
    496,
    496,
    496,
    496,
    496,
    496,
    496,
    496,
    496,
    496,
    496,
    496,
    496,
    496,
    496,
    496,
    496,
    496,
    496,
    496,
    496,
    496,
    496,
    496,
    496,
    496,
    496,
    496,
    496,
    496,
    496,
    496,
    496,
    496,
    496,
    496,
    496,
    496,
    496,
    496,
    496,
    496,
    496,
    496,
    496,
    496,
    496,
    496,
    496,
    496,
    496,
    496,
    496,
    496,
    496,
    496,
    496,
    496,
    496,
    496,
    496,
    496,
    496,
    496,
    496,
    496,
    496,
    496,
    496,
    496,
    496,
    496,
    496,
    496,
    496,
    496,
    496,
    496,
    496,
    496,
    496,
    496,
    496,
    496,
    496,
    496,
    496,
    496,
    496,
    496,
    496,
    496,
    496,
    496,
    496,
    496,
    496,
    496,
    496,
    496,
    496,
    496,
    496,
    496,
    496,
    496,
    496,
    496,
    496,
    496,
    496,
    496,
    496,
    496,
    496,
    496,
    496,
    496,
    496,
    496,
    496,
    496,
    496,
    496,
    496,
    496,
    496,
    496,
    496,
    496,
    496,
    496,
    496,
    496,
    496,
    496,
    496,
    496,
    496,
    496,
    496,
    496,
    496,
    496,
    496,
    496,
    496,
    236743,
    236770,
    236770,
    236770,
    236770,
    236770,
    236761,
    236770,
    236770,
    236761,
    236761,
    236770,
    236770,
    236770,
    236761,
    236761,
    236761,
    236761,
    236761,
    236761,
    236761,
    236761,
    236761,
    236761,
    236761,
    236761,
    236761,
    236761,
    236761,
    236761,
    236761,
    236761,
    236761,
    236761,
    236761,
    236761,
    236761,
    236761
  ],
  "pipeline_state_compiles": 70,
  "ple_encoders": 0,
  "prefill_ms": 41975.2235,
  "prepare_ms": 19792.089292,
  "prompt": "a a a a a a a a a a a a a a a a a a a a a a a a a a a a a a a a a a a a a a a a a a a a a a a a a a a a a a a a a a a a a a a a a a a a a a a a a a a a a a a a a a a a a a a a a a a a a a a a a a a a a a a a a a a a a a a a a a a a a a a a a a a a a a a a a a a a a a a a a a a a a a a a a a a a a a a a a a a a a a a a a a a a a a a a a a a a a a a a a a a a a a a a a a a a a a a a a a a a a a a a a a a a a a a a a a a a a a a a a a a a a a a a a a a a a a a a a a a a a a a a a a a a a a a a a a a a a a a a a a a a a a a a a a a a a a a a a a a a a a a a a a a a a a a a a a a a a a a a a a a a a a a a a a a a a a a a a a a a a a a a a a a a a a a a a a a a a a a a a a a a a a a a a a a a a a a a a a a a a a a a a a a a a a a a a a a a a a a a a a a a a a a a a a a a a a a a a a a a a a a a a a a a a a a a a a a a a a a a a a a a a a a a a a a a a a a a a a a a a a a a a a a a a a a a a a a a a a a a a a a a a a a a a a a a a a a a a a a a a a a a a a a a a a a a a a a a a a a a a a a a a a a a a a a a a a a ",
  "prompt_token_ids": [
    236746,
    496,
    496,
    496,
    496,
    496,
    496,
    496,
    496,
    496,
    496,
    496,
    496,
    496,
    496,
    496,
    496,
    496,
    496,
    496,
    496,
    496,
    496,
    496,
    496,
    496,
    496,
    496,
    496,
    496,
    496,
    496,
    496,
    496,
    496,
    496,
    496,
    496,
    496,
    496,
    496,
    496,
    496,
    496,
    496,
    496,
    496,
    496,
    496,
    496,
    496,
    496,
    496,
    496,
    496,
    496,
    496,
    496,
    496,
    496,
    496,
    496,
    496,
    496,
    496,
    496,
    496,
    496,
    496,
    496,
    496,
    496,
    496,
    496,
    496,
    496,
    496,
    496,
    496,
    496,
    496,
    496,
    496,
    496,
    496,
    496,
    496,
    496,
    496,
    496,
    496,
    496,
    496,
    496,
    496,
    496,
    496,
    496,
    496,
    496,
    496,
    496,
    496,
    496,
    496,
    496,
    496,
    496,
    496,
    496,
    496,
    496,
    496,
    496,
    496,
    496,
    496,
    496,
    496,
    496,
    496,
    496,
    496,
    496,
    496,
    496,
    496,
    496,
    496,
    496,
    496,
    496,
    496,
    496,
    496,
    496,
    496,
    496,
    496,
    496,
    496,
    496,
    496,
    496,
    496,
    496,
    496,
    496,
    496,
    496,
    496,
    496,
    496,
    496,
    496,
    496,
    496,
    496,
    496,
    496,
    496,
    496,
    496,
    496,
    496,
    496,
    496,
    496,
    496,
    496,
    496,
    496,
    496,
    496,
    496,
    496,
    496,
    496,
    496,
    496,
    496,
    496,
    496,
    496,
    496,
    496,
    496,
    496,
    496,
    496,
    496,
    496,
    496,
    496,
    496,
    496,
    496,
    496,
    496,
    496,
    496,
    496,
    496,
    496,
    496,
    496,
    496,
    496,
    496,
    496,
    496,
    496,
    496,
    496,
    496,
    496,
    496,
    496,
    496,
    496,
    496,
    496,
    496,
    496,
    496,
    496,
    496,
    496,
    496,
    496,
    496,
    496,
    496,
    496,
    496,
    496,
    496,
    496,
    496,
    496,
    496,
    496,
    496,
    496,
    496,
    496,
    496,
    496,
    496,
    496,
    496,
    496,
    496,
    496,
    496,
    496,
    496,
    496,
    496,
    496,
    496,
    496,
    496,
    496,
    496,
    496,
    496,
    496,
    496,
    496,
    496,
    496,
    496,
    496,
    496,
    496,
    496,
    496,
    496,
    496,
    496,
    496,
    496,
    496,
    496,
    496,
    496,
    496,
    496,
    496,
    496,
    496,
    496,
    496,
    496,
    496,
    496,
    496,
    496,
    496,
    496,
    496,
    496,
    496,
    496,
    496,
    496,
    496,
    496,
    496,
    496,
    496,
    496,
    496,
    496,
    496,
    496,
    496,
    496,
    496,
    496,
    496,
    496,
    496,
    496,
    496,
    496,
    496,
    496,
    496,
    496,
    496,
    496,
    496,
    496,
    496,
    496,
    496,
    496,
    496,
    496,
    496,
    496,
    496,
    496,
    496,
    496,
    496,
    496,
    496,
    496,
    496,
    496,
    496,
    496,
    496,
    496,
    496,
    496,
    496,
    496,
    496,
    496,
    496,
    496,
    496,
    496,
    496,
    496,
    496,
    496,
    496,
    496,
    496,
    496,
    496,
    496,
    496,
    496,
    496,
    496,
    496,
    496,
    496,
    496,
    496,
    496,
    496,
    496,
    496,
    496,
    496,
    496,
    496,
    496,
    496,
    496,
    496,
    496,
    496,
    496,
    496,
    496,
    496,
    496,
    496,
    496,
    496,
    496,
    496,
    496,
    496,
    496,
    496,
    496,
    496,
    496,
    496,
    496,
    496,
    496,
    496,
    496,
    496,
    496,
    496,
    496,
    496,
    496,
    496,
    496,
    496,
    496,
    496,
    496,
    496,
    496,
    496,
    496,
    496,
    496,
    496,
    496,
    496,
    496,
    496,
    496,
    496,
    496,
    496,
    496,
    496,
    496,
    496,
    496,
    496,
    496,
    496,
    496,
    496,
    496,
    496,
    496,
    496,
    496,
    496,
    496,
    496,
    496,
    496,
    496,
    496,
    496,
    496,
    496,
    496,
    496,
    496,
    496,
    496,
    496,
    496,
    496,
    496,
    496,
    496,
    496,
    496,
    496,
    496,
    496,
    496,
    496,
    496,
    496,
    496,
    496,
    496,
    496,
    496,
    496,
    496,
    496,
    496,
    496,
    496,
    496,
    496,
    496,
    496,
    496,
    236743
  ],
  "research_dispatch": {
    "counts": {
      "research_donor12b_sg8_global_attention": 296,
      "research_donor12b_sg8_local_attention": 1480,
      "research_donor12b_sg8_native_gate": 1776,
      "research_donor12b_sg8_native_projection": 5329
    },
    "overflowed": false,
    "schema": "rvllm.metal.research-dispatch.v5"
  },
  "schema": "rvllm.apple_metal_text_infer.v1",
  "tok_per_s": 3.993007811645289
}
