[loader] Gemma 4: 48 layers (40 sliding + 8 full), head_dim=256/512, kv_heads=8/1, rope=10000/Some(1000000.0), partial_rot=Some(0.25), sw=Some(1024), softcap=Some(30.0), act=Some("gelu_pytorch_tanh"), tied=true
Retaining Metal during ANE execution; arena capacity is 27278400992 bytes
ANE prepared layer 0/47 in 0.583s
ANE prepared layer 1/47 in 0.560s
ANE prepared layer 2/47 in 0.542s
ANE prepared layer 3/47 in 0.511s
ANE prepared layer 4/47 in 0.521s
ANE prepared layer 5/47 in 0.579s
ANE prepared layer 6/47 in 0.537s
ANE prepared layer 7/47 in 0.526s
ANE prepared layer 8/47 in 0.600s
ANE prepared layer 9/47 in 0.646s
ANE prepared layer 10/47 in 0.884s
ANE prepared layer 11/47 in 0.917s
ANE prepared layer 12/47 in 0.892s
ANE prepared layer 13/47 in 0.902s
ANE prepared layer 14/47 in 0.899s
ANE prepared layer 15/47 in 0.904s
ANE prepared layer 16/47 in 0.902s
ANE prepared layer 17/47 in 1.051s
ANE prepared layer 18/47 in 0.892s
ANE prepared layer 19/47 in 0.770s
ANE prepared layer 20/47 in 0.807s
ANE prepared layer 21/47 in 0.863s
ANE prepared layer 22/47 in 0.825s
ANE prepared layer 23/47 in 0.860s
ANE prepared layer 24/47 in 0.653s
ANE prepared layer 25/47 in 0.658s
ANE prepared layer 26/47 in 0.673s
ANE prepared layer 27/47 in 0.773s
ANE prepared layer 28/47 in 0.630s
ANE prepared layer 29/47 in 0.698s
ANE prepared layer 30/47 in 0.624s
ANE prepared layer 31/47 in 0.640s
ANE prepared layer 32/47 in 0.658s
ANE prepared layer 33/47 in 0.695s
ANE prepared layer 34/47 in 0.668s
ANE prepared layer 35/47 in 0.718s
ANE prepared layer 36/47 in 0.630s
ANE prepared layer 37/47 in 0.637s
ANE prepared layer 38/47 in 0.641s
ANE prepared layer 39/47 in 0.652s
ANE prepared layer 40/47 in 0.714s
ANE prepared layer 41/47 in 0.817s
ANE prepared layer 42/47 in 0.742s
ANE prepared layer 43/47 in 0.919s
ANE prepared layer 44/47 in 0.867s
ANE prepared layer 45/47 in 0.757s
ANE prepared layer 46/47 in 0.797s
ANE prepared layer 47/47 in 0.831s
ANE prepared vocabulary rows 0..16384
ANE prepared vocabulary rows 16384..32768
ANE prepared vocabulary rows 32768..49152
ANE prepared vocabulary rows 49152..65536
ANE prepared vocabulary rows 65536..81920
ANE prepared vocabulary rows 81920..98304
ANE prepared vocabulary rows 98304..114688
ANE prepared vocabulary rows 114688..131072
ANE prepared vocabulary rows 131072..147456
ANE prepared vocabulary rows 147456..163840
ANE prepared vocabulary rows 163840..180224
ANE prepared vocabulary rows 180224..196608
ANE prepared vocabulary rows 196608..212992
ANE prepared vocabulary rows 212992..229376
ANE prepared vocabulary rows 229376..245760
ANE prepared vocabulary rows 245760..262144
Both backends ready; Metal 8916.9 ms, ANE 39590.9 ms; accepting successive requests
84 prompt tokens, 10 output tokens; prefill 1593.7 ms; 9 ANE steps in 1894.6 ms (4.75 tokens/sec)
Completed request 0
84 prompt tokens, 10 output tokens; prefill 999.8 ms; 9 ANE steps in 1736.5 ms (5.18 tokens/sec)
Completed request 1
84 prompt tokens, 10 output tokens; prefill 1248.6 ms; 9 ANE steps in 1731.7 ms (5.20 tokens/sec)
Completed request 2
84 prompt tokens, 10 output tokens; prefill 1890.6 ms; 9 ANE steps in 1708.8 ms (5.27 tokens/sec)
Completed request 3
84 prompt tokens, 10 output tokens; prefill 1061.5 ms; 9 ANE steps in 1714.6 ms (5.25 tokens/sec)
Completed request 4
84 prompt tokens, 10 output tokens; prefill 1712.0 ms; 9 ANE steps in 1715.8 ms (5.25 tokens/sec)
Completed request 5
84 prompt tokens, 10 output tokens; prefill 1482.9 ms; 9 ANE steps in 1691.1 ms (5.32 tokens/sec)
Completed request 6
84 prompt tokens, 10 output tokens; prefill 2019.5 ms; 9 ANE steps in 1697.5 ms (5.30 tokens/sec)
Completed request 7
84 prompt tokens, 10 output tokens; prefill 1234.8 ms; 9 ANE steps in 1703.4 ms (5.28 tokens/sec)
Completed request 8
/Users/george/Downloads/rvllm/v3/reports/gemma4-12b-evidence-20260914/experiment-queue-20260916/native-comparison-nominal/results/10-A-ane/backend/report.json
