{
  "abi": {
    "accumulation": "F32",
    "activation": "BF16",
    "output": "BF16",
    "scales": "F16"
  },
  "candidate_schedule": "n4",
  "cases": [
    {
      "accuracy": {
        "max_abs": 0.00390625,
        "relative_l2": 0.0008400084336290365
      },
      "dispatch": {
        "candidate_abi": "W4ABF16",
        "exact_correctness_dispatches_verified": 2,
        "exact_timing_dispatch_count_verified": true,
        "format": "w4a16",
        "role": "query_projection",
        "timing_dispatches": 7
      },
      "guard_unchanged": true,
      "identity": {
        "activations_bf16le_sha256": "d9c334fd86c5af2733f638dff1c5556d202cac1df30493fcc2e056de0cdf2f82",
        "cpu_low_bit_reference_bf16le_sha256": "47b293d51bb90019dbe240d80e001eb09835f3c0b1200ed4b9ad1131132e5d50",
        "packed_values_sha256": "0ece3593a548c164dd0ac38c58b143429f7b802eebca97a7e38088f044dd2b37",
        "scales_f16le_sha256": "1f3c1869918cfa85b420ccd1ffd6d40dee56ca5f25b2452393b63fb5bf9cf06e"
      },
      "k": 3840,
      "m": 1,
      "n": 4096,
      "native_accuracy": {
        "max_abs": 0.00006103515625,
        "relative_l2": 4.7492781971483316e-6
      },
      "repeatable_output_bits": true,
      "timing": {
        "accumulation_dtype": "F32",
        "activation_dtype": "BF16",
        "candidate_kernel": "experimental_projection_w4abf16_bf16_n4",
        "candidate_median_ms": 0.991875,
        "candidate_ms": [
          2.857333,
          0.973167,
          0.8480420000000001,
          1.0492920000000001,
          0.856209,
          0.991875
        ],
        "method": "ABBA wall-clock commit-to-completion",
        "native_kernel": "gemm_f16_vec8 compiled as typed BF16",
        "native_median_ms": 1.132583,
        "native_ms": [
          1.119666,
          1.132583,
          0.968041,
          3.07925,
          0.966542,
          1.136417
        ],
        "native_weight_conversion": "none",
        "output_dtype": "BF16",
        "samples_per_arm": 6,
        "scale_dtype": "F16",
        "speedup": 1.1418606175173283
      }
    },
    {
      "accuracy": {
        "max_abs": 0.0078125,
        "relative_l2": 0.0007942617381869826
      },
      "dispatch": {
        "candidate_abi": "W4ABF16",
        "exact_correctness_dispatches_verified": 2,
        "exact_timing_dispatch_count_verified": true,
        "format": "w4a16",
        "role": "query_projection",
        "timing_dispatches": 7
      },
      "guard_unchanged": true,
      "identity": {
        "activations_bf16le_sha256": "6b34aede1670cac0aa2663b19805eda4b1e75a3709ad3e65332bd04c11d8c77f",
        "cpu_low_bit_reference_bf16le_sha256": "8da4b58ed1b19fc278350e532e8d7f340744bfa271e5a799b95dfd243e4d5afa",
        "packed_values_sha256": "0ece3593a548c164dd0ac38c58b143429f7b802eebca97a7e38088f044dd2b37",
        "scales_f16le_sha256": "1f3c1869918cfa85b420ccd1ffd6d40dee56ca5f25b2452393b63fb5bf9cf06e"
      },
      "k": 3840,
      "m": 4,
      "n": 4096,
      "native_accuracy": {
        "max_abs": 0.00006103515625,
        "relative_l2": 2.3157226534647776e-6
      },
      "repeatable_output_bits": true,
      "timing": {
        "accumulation_dtype": "F32",
        "activation_dtype": "BF16",
        "candidate_kernel": "experimental_projection_w4abf16_bf16_n4",
        "candidate_median_ms": 1.530208,
        "candidate_ms": [
          1.5983749999999999,
          1.530208,
          3.755792,
          1.348667,
          1.0049169999999998,
          0.971166
        ],
        "method": "ABBA wall-clock commit-to-completion",
        "native_kernel": "gemm_f16_vec8 compiled as typed BF16",
        "native_median_ms": 2.149791,
        "native_ms": [
          2.719417,
          2.149791,
          3.701667,
          2.010666,
          1.735584,
          1.704125
        ],
        "native_weight_conversion": "none",
        "output_dtype": "BF16",
        "samples_per_arm": 6,
        "scale_dtype": "F16",
        "speedup": 1.4049011637633577
      }
    },
    {
      "accuracy": {
        "max_abs": 0.00390625,
        "relative_l2": 0.000902058069093503
      },
      "dispatch": {
        "candidate_abi": "W8ABF16",
        "exact_correctness_dispatches_verified": 2,
        "exact_timing_dispatch_count_verified": true,
        "format": "w8a16",
        "role": "query_projection",
        "timing_dispatches": 7
      },
      "guard_unchanged": true,
      "identity": {
        "activations_bf16le_sha256": "d9c334fd86c5af2733f638dff1c5556d202cac1df30493fcc2e056de0cdf2f82",
        "cpu_low_bit_reference_bf16le_sha256": "691ea59654a9b253cec41e423f31ff375bc4850951b92e68904dcb3fa7cf399b",
        "packed_values_sha256": "600c63869cc001faa5499d012696d158df4b1f0289cfba24f48bf13fc79455fb",
        "scales_f16le_sha256": "4671bf06fd20ab67ce8efee09d2af31f8a1488e90fa8238af4650d06a05e2ff0"
      },
      "k": 3840,
      "m": 1,
      "n": 4096,
      "native_accuracy": {
        "max_abs": 0.00006103515625,
        "relative_l2": 4.7492781971483316e-6
      },
      "repeatable_output_bits": true,
      "timing": {
        "accumulation_dtype": "F32",
        "activation_dtype": "BF16",
        "candidate_kernel": "experimental_projection_w8abf16_bf16_n4",
        "candidate_median_ms": 0.628,
        "candidate_ms": [
          0.363209,
          2.3083750000000003,
          0.628,
          0.37725,
          0.39087500000000003,
          0.6471250000000001
        ],
        "method": "ABBA wall-clock commit-to-completion",
        "native_kernel": "gemm_f16_vec8 compiled as typed BF16",
        "native_median_ms": 0.503625,
        "native_ms": [
          0.403625,
          0.897708,
          0.503625,
          2.672084,
          0.401667,
          0.417042
        ],
        "native_weight_conversion": "none",
        "output_dtype": "BF16",
        "samples_per_arm": 6,
        "scale_dtype": "F16",
        "speedup": 0.8019506369426751
      }
    },
    {
      "accuracy": {
        "max_abs": 0.00390625,
        "relative_l2": 0.0008718626757136663
      },
      "dispatch": {
        "candidate_abi": "W8ABF16",
        "exact_correctness_dispatches_verified": 2,
        "exact_timing_dispatch_count_verified": true,
        "format": "w8a16",
        "role": "query_projection",
        "timing_dispatches": 7
      },
      "guard_unchanged": true,
      "identity": {
        "activations_bf16le_sha256": "6b34aede1670cac0aa2663b19805eda4b1e75a3709ad3e65332bd04c11d8c77f",
        "cpu_low_bit_reference_bf16le_sha256": "c41e8f5d53c83665d51b1acb0ff99abe3203ea6080dedde1d21c0b06402a923c",
        "packed_values_sha256": "600c63869cc001faa5499d012696d158df4b1f0289cfba24f48bf13fc79455fb",
        "scales_f16le_sha256": "4671bf06fd20ab67ce8efee09d2af31f8a1488e90fa8238af4650d06a05e2ff0"
      },
      "k": 3840,
      "m": 4,
      "n": 4096,
      "native_accuracy": {
        "max_abs": 0.00006103515625,
        "relative_l2": 2.3157226534647776e-6
      },
      "repeatable_output_bits": true,
      "timing": {
        "accumulation_dtype": "F32",
        "activation_dtype": "BF16",
        "candidate_kernel": "experimental_projection_w8abf16_bf16_n4",
        "candidate_median_ms": 0.684334,
        "candidate_ms": [
          3.424166,
          1.8653330000000001,
          0.684334,
          0.31195799999999996,
          0.2655,
          0.283042
        ],
        "method": "ABBA wall-clock commit-to-completion",
        "native_kernel": "gemm_f16_vec8 compiled as typed BF16",
        "native_median_ms": 0.750584,
        "native_ms": [
          5.267957999999999,
          2.802625,
          0.750584,
          0.622042,
          0.6086670000000001,
          0.636625
        ],
        "native_weight_conversion": "none",
        "output_dtype": "BF16",
        "samples_per_arm": 6,
        "scale_dtype": "F16",
        "speedup": 1.0968094526941523
      }
    }
  ],
  "claim": "real checkpoint projection operator evidence only; not full-route or model-quality evidence",
  "compile_counts": {
    "metal_libraries": 1,
    "pipeline_states": 3
  },
  "config_sha256": "478c46e8d2c52d5c2d85bf67e3b3e8c90e7c9d91086cee27e3c267907e936bd9",
  "executable_sha256": "95d019e8d81e19e6d704e403e00409c7d381a6b0e97fa7e8edb723f968b1d154",
  "generated_msl_sha256": "ebbef209392843f936ef177dff1499340eaa5685546eecc729294b9dee8c29a5",
  "model_dir": "/Users/george/.cache/huggingface/hub/models--google--gemma-4-12B-it/snapshots/707f0a3b8a3c7ad586ed01e27eafbad8a27dd0f7",
  "schema": "rvllm.metal_low_bit_real_weight_bf16.v1",
  "shape": [
    4096,
    3840
  ],
  "source_dtype": "Bf16",
  "source_file": "/Users/george/.cache/huggingface/hub/models--google--gemma-4-12B-it/snapshots/707f0a3b8a3c7ad586ed01e27eafbad8a27dd0f7/model.safetensors",
  "source_file_offset": 2448873346,
  "source_tensor_bytes": 31457280,
  "source_tensor_sha256": "3ae6a6f7f56408ec8fc7a78ec9cb9d29054af0a717cf92552af09591f63d6444",
  "tensor": "model.language_model.layers.0.self_attn.q_proj.weight",
  "tensor_role": "query_projection"
}
