{
  "arena_bytes": 24716958240,
  "backend": "direct",
  "case_count": 1,
  "cases": [
    {
      "command_buffer_wait_ns": 20878908916,
      "command_buffers": 3,
      "cpu_encode_ns": 25197667,
      "cpu_wall_ns": 20904106583,
      "decode_ms": 337.977625,
      "embedding_encoders": 3,
      "encoder_counts_by_kernel_family": {
        "embedding": 3,
        "final_logits_diagnostic": 0,
        "final_sample": 6,
        "layer_body": 1632,
        "layer_scale_fused": 144,
        "ple_input": 0
      },
      "encoders": 1641,
      "final_logits_encoders": 0,
      "final_sample_encoders": 6,
      "finish_reason": "length",
      "forced_waits": 3,
      "generated_text": "11",
      "generated_token_ids": [
        236770,
        236770
      ],
      "hf_reference": null,
      "last_step_command_buffer_wait_ns": 153768250,
      "last_step_command_buffers": 1,
      "last_step_cpu_encode_ns": 4450667,
      "last_step_cpu_wall_ns": 158218917,
      "last_step_encoders": 580,
      "last_step_forced_waits": 1,
      "last_step_gpu_execution_ns": 149086499,
      "last_step_tokens": 1,
      "layer_encoders": 1632,
      "layer_scale_encoder_fusions": 144,
      "library_compiles": 0,
      "max_new_tokens": 2,
      "max_supported_total_tokens": 258,
      "name": "pp256-decode2",
      "output_text": "a a a a a a a a a a a a a a a a a a a a a a a a a a a a a a a a a a a a a a a a a a a a a a a a a a a a a a a a a a a a a a a a a a a a a a a a a a a a a a a a a a a a a a a a a a a a a a a a a a a a a a a a a a a a a a a a a a a a a a a a a a a a a a a a a a a a a a a a a a a a a a a a a a a a a a a a a a a a a a a a a a a a a a a a a a a a a a a a a a a a a a a a a a a a a a a a a a a a a a a a a a a a a a a a a a a a a a a a a a a a a a a a a a a a a a a a a a a a a a a a a a a a a a a a a a a a a a a 11",
      "output_token_ids": [
        236746,
        496,
        496,
        496,
        496,
        496,
        496,
        496,
        496,
        496,
        496,
        496,
        496,
        496,
        496,
        496,
        496,
        496,
        496,
        496,
        496,
        496,
        496,
        496,
        496,
        496,
        496,
        496,
        496,
        496,
        496,
        496,
        496,
        496,
        496,
        496,
        496,
        496,
        496,
        496,
        496,
        496,
        496,
        496,
        496,
        496,
        496,
        496,
        496,
        496,
        496,
        496,
        496,
        496,
        496,
        496,
        496,
        496,
        496,
        496,
        496,
        496,
        496,
        496,
        496,
        496,
        496,
        496,
        496,
        496,
        496,
        496,
        496,
        496,
        496,
        496,
        496,
        496,
        496,
        496,
        496,
        496,
        496,
        496,
        496,
        496,
        496,
        496,
        496,
        496,
        496,
        496,
        496,
        496,
        496,
        496,
        496,
        496,
        496,
        496,
        496,
        496,
        496,
        496,
        496,
        496,
        496,
        496,
        496,
        496,
        496,
        496,
        496,
        496,
        496,
        496,
        496,
        496,
        496,
        496,
        496,
        496,
        496,
        496,
        496,
        496,
        496,
        496,
        496,
        496,
        496,
        496,
        496,
        496,
        496,
        496,
        496,
        496,
        496,
        496,
        496,
        496,
        496,
        496,
        496,
        496,
        496,
        496,
        496,
        496,
        496,
        496,
        496,
        496,
        496,
        496,
        496,
        496,
        496,
        496,
        496,
        496,
        496,
        496,
        496,
        496,
        496,
        496,
        496,
        496,
        496,
        496,
        496,
        496,
        496,
        496,
        496,
        496,
        496,
        496,
        496,
        496,
        496,
        496,
        496,
        496,
        496,
        496,
        496,
        496,
        496,
        496,
        496,
        496,
        496,
        496,
        496,
        496,
        496,
        496,
        496,
        496,
        496,
        496,
        496,
        496,
        496,
        496,
        496,
        496,
        496,
        496,
        496,
        496,
        496,
        496,
        496,
        496,
        496,
        496,
        496,
        496,
        496,
        496,
        496,
        496,
        496,
        496,
        496,
        496,
        496,
        496,
        496,
        496,
        496,
        496,
        496,
        496,
        496,
        496,
        496,
        496,
        496,
        496,
        496,
        496,
        496,
        496,
        496,
        496,
        496,
        496,
        496,
        496,
        496,
        236743,
        236770,
        236770
      ],
      "pipeline_state_compiles": 0,
      "ple_encoders": 0,
      "prefill_ms": 20566.187916,
      "prompt": "a a a a a a a a a a a a a a a a a a a a a a a a a a a a a a a a a a a a a a a a a a a a a a a a a a a a a a a a a a a a a a a a a a a a a a a a a a a a a a a a a a a a a a a a a a a a a a a a a a a a a a a a a a a a a a a a a a a a a a a a a a a a a a a a a a a a a a a a a a a a a a a a a a a a a a a a a a a a a a a a a a a a a a a a a a a a a a a a a a a a a a a a a a a a a a a a a a a a a a a a a a a a a a a a a a a a a a a a a a a a a a a a a a a a a a a a a a a a a a a a a a a a a a a a a a a a a a a ",
      "prompt_token_ids": [
        236746,
        496,
        496,
        496,
        496,
        496,
        496,
        496,
        496,
        496,
        496,
        496,
        496,
        496,
        496,
        496,
        496,
        496,
        496,
        496,
        496,
        496,
        496,
        496,
        496,
        496,
        496,
        496,
        496,
        496,
        496,
        496,
        496,
        496,
        496,
        496,
        496,
        496,
        496,
        496,
        496,
        496,
        496,
        496,
        496,
        496,
        496,
        496,
        496,
        496,
        496,
        496,
        496,
        496,
        496,
        496,
        496,
        496,
        496,
        496,
        496,
        496,
        496,
        496,
        496,
        496,
        496,
        496,
        496,
        496,
        496,
        496,
        496,
        496,
        496,
        496,
        496,
        496,
        496,
        496,
        496,
        496,
        496,
        496,
        496,
        496,
        496,
        496,
        496,
        496,
        496,
        496,
        496,
        496,
        496,
        496,
        496,
        496,
        496,
        496,
        496,
        496,
        496,
        496,
        496,
        496,
        496,
        496,
        496,
        496,
        496,
        496,
        496,
        496,
        496,
        496,
        496,
        496,
        496,
        496,
        496,
        496,
        496,
        496,
        496,
        496,
        496,
        496,
        496,
        496,
        496,
        496,
        496,
        496,
        496,
        496,
        496,
        496,
        496,
        496,
        496,
        496,
        496,
        496,
        496,
        496,
        496,
        496,
        496,
        496,
        496,
        496,
        496,
        496,
        496,
        496,
        496,
        496,
        496,
        496,
        496,
        496,
        496,
        496,
        496,
        496,
        496,
        496,
        496,
        496,
        496,
        496,
        496,
        496,
        496,
        496,
        496,
        496,
        496,
        496,
        496,
        496,
        496,
        496,
        496,
        496,
        496,
        496,
        496,
        496,
        496,
        496,
        496,
        496,
        496,
        496,
        496,
        496,
        496,
        496,
        496,
        496,
        496,
        496,
        496,
        496,
        496,
        496,
        496,
        496,
        496,
        496,
        496,
        496,
        496,
        496,
        496,
        496,
        496,
        496,
        496,
        496,
        496,
        496,
        496,
        496,
        496,
        496,
        496,
        496,
        496,
        496,
        496,
        496,
        496,
        496,
        496,
        496,
        496,
        496,
        496,
        496,
        496,
        496,
        496,
        496,
        496,
        496,
        496,
        496,
        496,
        496,
        496,
        496,
        496,
        236743
      ],
      "research_dispatch": {
        "counts": {
          "research_donor12b_sg8_global_attention": 16,
          "research_donor12b_sg8_local_attention": 80,
          "research_donor12b_sg8_native_gate": 96,
          "research_donor12b_sg8_native_projection": 288
        },
        "overflowed": false,
        "schema": "rvllm.metal.research-dispatch.v5"
      },
      "status": "pass",
      "tok_per_s": 5.9175514947180305
    }
  ],
  "checkpoint_complete": true,
  "checkpoint_completed_cases": 1,
  "checkpoint_total_cases": 1,
  "claim": "Apple Metal text inference workflow; not production-ready until acceptance gates pass",
  "command_buffer_wait_ns": 20878908916,
  "command_buffers": 3,
  "cpu_encode_ns": 25197667,
  "cpu_wall_ns": 20904106583,
  "debug_sync": false,
  "decode_ms": 337.977625,
  "embedding_encoders": 3,
  "encoder_counts_by_kernel_family": {
    "embedding": 3,
    "final_logits_diagnostic": 0,
    "final_sample": 6,
    "layer_body": 1632,
    "layer_scale_fused": 144,
    "ple_input": 0
  },
  "encoders": 1641,
  "final_logits_encoders": 0,
  "final_sample_encoders": 6,
  "forced_waits": 3,
  "generated_tokens": 2,
  "large_model_opt_in": true,
  "last_step_command_buffer_wait_ns": 153768250,
  "last_step_command_buffers": 1,
  "last_step_cpu_encode_ns": 4450667,
  "last_step_cpu_wall_ns": 158218917,
  "last_step_encoders": 580,
  "last_step_forced_waits": 1,
  "last_step_gpu_execution_ns": 149086499,
  "last_step_tokens": 1,
  "layer_encoders": 1632,
  "layer_scale_encoder_fusions": 144,
  "library_compiles": 1,
  "max_supported_total_tokens": 258,
  "metal_compute_dtype": "bfloat16",
  "metal_moe_router_weight_dtype": "bfloat16",
  "metal_weight_dtype": "bfloat16",
  "model_dir": "/Users/george/.cache/huggingface/hub/models--google--gemma-4-12B-it/snapshots/707f0a3b8a3c7ad586ed01e27eafbad8a27dd0f7",
  "pipeline_state_compiles": 70,
  "ple_encoders": 0,
  "prefill_ms": 20566.187916,
  "prepare_ms": 16537.517375,
  "research_dispatch": {
    "counts": {
      "research_donor12b_sg8_global_attention": 16,
      "research_donor12b_sg8_local_attention": 80,
      "research_donor12b_sg8_native_gate": 96,
      "research_donor12b_sg8_native_projection": 288
    },
    "overflowed": false,
    "schema": "rvllm.metal.research-dispatch.v5"
  },
  "schema": "rvllm.apple_metal_text_session.v1",
  "status": "pass",
  "tok_per_s": 5.9175514947180305,
  "total_ms": 37442.323417
}
