{
  "arena_bytes": 23965211504,
  "backend": "direct",
  "case_count": 1,
  "cases": [
    {
      "command_buffer_wait_ns": 1392484584,
      "command_buffers": 3,
      "cpu_encode_ns": 35222207,
      "cpu_wall_ns": 1427706791,
      "decode_ms": 132.27225,
      "embedding_encoders": 3,
      "encoder_counts_by_kernel_family": {
        "embedding": 3,
        "final_logits_diagnostic": 0,
        "final_sample": 6,
        "layer_body": 1776,
        "layer_scale_fused": 144,
        "ple_input": 0
      },
      "encoders": 1785,
      "final_logits_encoders": 0,
      "final_sample_encoders": 6,
      "finish_reason": "length",
      "forced_waits": 3,
      "generated_text": " Paris.",
      "generated_token_ids": [
        9079,
        236761
      ],
      "hf_reference": null,
      "last_step_command_buffer_wait_ns": 61030375,
      "last_step_command_buffers": 1,
      "last_step_cpu_encode_ns": 4616208,
      "last_step_cpu_wall_ns": 65646583,
      "last_step_encoders": 580,
      "last_step_forced_waits": 1,
      "last_step_gpu_execution_ns": 60357875,
      "last_step_tokens": 1,
      "layer_encoders": 1776,
      "layer_scale_encoder_fusions": 144,
      "library_compiles": 0,
      "max_new_tokens": 2,
      "max_supported_total_tokens": 256,
      "name": "donor12b-short-decode2",
      "output_text": "The capital of France is Paris.",
      "output_token_ids": [
        2,
        818,
        5279,
        529,
        7001,
        563,
        9079,
        236761
      ],
      "pipeline_state_compiles": 0,
      "ple_encoders": 0,
      "prefill_ms": 1295.499833,
      "prompt": "The capital of France is",
      "prompt_token_ids": [
        2,
        818,
        5279,
        529,
        7001,
        563
      ],
      "research_dispatch": {
        "counts": {
          "research_donor12b_sg8_global_attention": 16,
          "research_donor12b_sg8_local_attention": 80,
          "research_donor12b_sg8_native_gate": 96,
          "research_donor12b_sg8_native_projection": 480
        },
        "overflowed": false,
        "schema": "rvllm.metal.research-dispatch.v5"
      },
      "status": "pass",
      "tok_per_s": 15.120329471979193
    }
  ],
  "checkpoint_complete": true,
  "checkpoint_completed_cases": 1,
  "checkpoint_total_cases": 1,
  "claim": "Apple Metal text inference workflow; not production-ready until acceptance gates pass",
  "command_buffer_wait_ns": 1392484584,
  "command_buffers": 3,
  "cpu_encode_ns": 35222207,
  "cpu_wall_ns": 1427706791,
  "debug_sync": false,
  "decode_ms": 132.27225,
  "embedding_encoders": 3,
  "encoder_counts_by_kernel_family": {
    "embedding": 3,
    "final_logits_diagnostic": 0,
    "final_sample": 6,
    "layer_body": 1776,
    "layer_scale_fused": 144,
    "ple_input": 0
  },
  "encoders": 1785,
  "final_logits_encoders": 0,
  "final_sample_encoders": 6,
  "forced_waits": 3,
  "generated_tokens": 2,
  "large_model_opt_in": true,
  "last_step_command_buffer_wait_ns": 61030375,
  "last_step_command_buffers": 1,
  "last_step_cpu_encode_ns": 4616208,
  "last_step_cpu_wall_ns": 65646583,
  "last_step_encoders": 580,
  "last_step_forced_waits": 1,
  "last_step_gpu_execution_ns": 60357875,
  "last_step_tokens": 1,
  "layer_encoders": 1776,
  "layer_scale_encoder_fusions": 144,
  "library_compiles": 1,
  "max_supported_total_tokens": 256,
  "metal_compute_dtype": "bfloat16",
  "metal_moe_router_weight_dtype": "bfloat16",
  "metal_weight_dtype": "bfloat16",
  "model_dir": "/Users/george/.cache/huggingface/hub/models--google--gemma-4-12B-it/snapshots/707f0a3b8a3c7ad586ed01e27eafbad8a27dd0f7",
  "pipeline_state_compiles": 70,
  "ple_encoders": 0,
  "prefill_ms": 1295.499833,
  "prepare_ms": 17311.885416999998,
  "research_dispatch": {
    "counts": {
      "research_donor12b_sg8_global_attention": 16,
      "research_donor12b_sg8_local_attention": 80,
      "research_donor12b_sg8_native_gate": 96,
      "research_donor12b_sg8_native_projection": 480
    },
    "overflowed": false,
    "schema": "rvllm.metal.research-dispatch.v5"
  },
  "schema": "rvllm.apple_metal_text_session.v1",
  "status": "pass",
  "tok_per_s": 15.120329471979193,
  "total_ms": 18740.636791
}
