{
  "arena_bytes": 24730762336,
  "claim": "Apple Metal text inference workflow; not production-ready until acceptance gates pass",
  "command_buffer_wait_ns": 32746307710,
  "command_buffers": 66,
  "cpu_encode_ns": 347754581,
  "cpu_wall_ns": 33094062291,
  "debug_sync": false,
  "decode_ms": 21202.113624999998,
  "diagnostic_top_logits": [
    {
      "logit": 17.5,
      "token_id": 236770
    },
    {
      "logit": 17.375,
      "token_id": 236761
    },
    {
      "logit": 14.75,
      "token_id": 236764
    },
    {
      "logit": 14.5625,
      "token_id": 236779
    },
    {
      "logit": 13.4375,
      "token_id": 236771
    },
    {
      "logit": 12.9375,
      "token_id": 236772
    },
    {
      "logit": 11.6875,
      "token_id": 236800
    },
    {
      "logit": 11.5625,
      "token_id": 236778
    },
    {
      "logit": 10.6875,
      "token_id": 236744
    },
    {
      "logit": 10.4375,
      "token_id": 236793
    }
  ],
  "embedding_encoders": 65,
  "encoder_counts_by_kernel_family": {
    "embedding": 65,
    "final_logits_diagnostic": 3,
    "final_sample": 192,
    "layer_body": 37344,
    "layer_scale_fused": 3120,
    "ple_input": 0
  },
  "encoders": 37604,
  "final_logits_encoders": 3,
  "final_sample_encoders": 192,
  "finish_reason": "length",
  "forced_waits": 66,
  "generated_text": "1111.....1111111111111111111111111111111111111111111111111111..1",
  "generated_token_ids": [
    236770,
    236770,
    236770,
    236770,
    236761,
    236761,
    236761,
    236761,
    236761,
    236770,
    236770,
    236770,
    236770,
    236770,
    236770,
    236770,
    236770,
    236770,
    236770,
    236770,
    236770,
    236770,
    236770,
    236770,
    236770,
    236770,
    236770,
    236770,
    236770,
    236770,
    236770,
    236770,
    236770,
    236770,
    236770,
    236770,
    236770,
    236770,
    236770,
    236770,
    236770,
    236770,
    236770,
    236770,
    236770,
    236770,
    236770,
    236770,
    236770,
    236770,
    236770,
    236770,
    236770,
    236770,
    236770,
    236770,
    236770,
    236770,
    236770,
    236770,
    236770,
    236761,
    236761,
    236770
  ],
  "hf_reference": null,
  "large_model_opt_in": true,
  "last_step_command_buffer_wait_ns": 349621250,
  "last_step_command_buffers": 1,
  "last_step_cpu_encode_ns": 5716000,
  "last_step_cpu_wall_ns": 355337250,
  "last_step_encoders": 580,
  "last_step_forced_waits": 1,
  "last_step_gpu_execution_ns": 348897750,
  "last_step_tokens": 1,
  "layer_encoders": 37344,
  "layer_scale_encoder_fusions": 3120,
  "library_compiles": 1,
  "max_new_tokens": 64,
  "max_supported_total_tokens": 320,
  "metal_compute_dtype": "bfloat16",
  "metal_moe_router_weight_dtype": "bfloat16",
  "metal_weight_dtype": "bfloat16",
  "model_dir": "/Users/george/.cache/huggingface/hub/models--google--gemma-4-12B-it/snapshots/707f0a3b8a3c7ad586ed01e27eafbad8a27dd0f7",
  "output_text": "a a a a a a a a a a a a a a a a a a a a a a a a a a a a a a a a a a a a a a a a a a a a a a a a a a a a a a a a a a a a a a a a a a a a a a a a a a a a a a a a a a a a a a a a a a a a a a a a a a a a a a a a a a a a a a a a a a a a a a a a a a a a a a a a a a a a a a a a a a a a a a a a a a a a a a a a a a a a a a a a a a a a a a a a a a a a a a a a a a a a a a a a a a a a a a a a a a a a a a a a a a a a a a a a a a a a a a a a a a a a a a a a a a a a a a a a a a a a a a a a a a a a a a a a a a a a a a a 1111.....1111111111111111111111111111111111111111111111111111..1",
  "output_token_ids": [
    236746,
    496,
    496,
    496,
    496,
    496,
    496,
    496,
    496,
    496,
    496,
    496,
    496,
    496,
    496,
    496,
    496,
    496,
    496,
    496,
    496,
    496,
    496,
    496,
    496,
    496,
    496,
    496,
    496,
    496,
    496,
    496,
    496,
    496,
    496,
    496,
    496,
    496,
    496,
    496,
    496,
    496,
    496,
    496,
    496,
    496,
    496,
    496,
    496,
    496,
    496,
    496,
    496,
    496,
    496,
    496,
    496,
    496,
    496,
    496,
    496,
    496,
    496,
    496,
    496,
    496,
    496,
    496,
    496,
    496,
    496,
    496,
    496,
    496,
    496,
    496,
    496,
    496,
    496,
    496,
    496,
    496,
    496,
    496,
    496,
    496,
    496,
    496,
    496,
    496,
    496,
    496,
    496,
    496,
    496,
    496,
    496,
    496,
    496,
    496,
    496,
    496,
    496,
    496,
    496,
    496,
    496,
    496,
    496,
    496,
    496,
    496,
    496,
    496,
    496,
    496,
    496,
    496,
    496,
    496,
    496,
    496,
    496,
    496,
    496,
    496,
    496,
    496,
    496,
    496,
    496,
    496,
    496,
    496,
    496,
    496,
    496,
    496,
    496,
    496,
    496,
    496,
    496,
    496,
    496,
    496,
    496,
    496,
    496,
    496,
    496,
    496,
    496,
    496,
    496,
    496,
    496,
    496,
    496,
    496,
    496,
    496,
    496,
    496,
    496,
    496,
    496,
    496,
    496,
    496,
    496,
    496,
    496,
    496,
    496,
    496,
    496,
    496,
    496,
    496,
    496,
    496,
    496,
    496,
    496,
    496,
    496,
    496,
    496,
    496,
    496,
    496,
    496,
    496,
    496,
    496,
    496,
    496,
    496,
    496,
    496,
    496,
    496,
    496,
    496,
    496,
    496,
    496,
    496,
    496,
    496,
    496,
    496,
    496,
    496,
    496,
    496,
    496,
    496,
    496,
    496,
    496,
    496,
    496,
    496,
    496,
    496,
    496,
    496,
    496,
    496,
    496,
    496,
    496,
    496,
    496,
    496,
    496,
    496,
    496,
    496,
    496,
    496,
    496,
    496,
    496,
    496,
    496,
    496,
    496,
    496,
    496,
    496,
    496,
    496,
    236743,
    236770,
    236770,
    236770,
    236770,
    236761,
    236761,
    236761,
    236761,
    236761,
    236770,
    236770,
    236770,
    236770,
    236770,
    236770,
    236770,
    236770,
    236770,
    236770,
    236770,
    236770,
    236770,
    236770,
    236770,
    236770,
    236770,
    236770,
    236770,
    236770,
    236770,
    236770,
    236770,
    236770,
    236770,
    236770,
    236770,
    236770,
    236770,
    236770,
    236770,
    236770,
    236770,
    236770,
    236770,
    236770,
    236770,
    236770,
    236770,
    236770,
    236770,
    236770,
    236770,
    236770,
    236770,
    236770,
    236770,
    236770,
    236770,
    236770,
    236770,
    236770,
    236761,
    236761,
    236770
  ],
  "pipeline_state_compiles": 58,
  "ple_encoders": 0,
  "prefill_ms": 11893.069084,
  "prepare_ms": 14419.180542,
  "prompt": "a a a a a a a a a a a a a a a a a a a a a a a a a a a a a a a a a a a a a a a a a a a a a a a a a a a a a a a a a a a a a a a a a a a a a a a a a a a a a a a a a a a a a a a a a a a a a a a a a a a a a a a a a a a a a a a a a a a a a a a a a a a a a a a a a a a a a a a a a a a a a a a a a a a a a a a a a a a a a a a a a a a a a a a a a a a a a a a a a a a a a a a a a a a a a a a a a a a a a a a a a a a a a a a a a a a a a a a a a a a a a a a a a a a a a a a a a a a a a a a a a a a a a a a a a a a a a a a ",
  "prompt_token_ids": [
    236746,
    496,
    496,
    496,
    496,
    496,
    496,
    496,
    496,
    496,
    496,
    496,
    496,
    496,
    496,
    496,
    496,
    496,
    496,
    496,
    496,
    496,
    496,
    496,
    496,
    496,
    496,
    496,
    496,
    496,
    496,
    496,
    496,
    496,
    496,
    496,
    496,
    496,
    496,
    496,
    496,
    496,
    496,
    496,
    496,
    496,
    496,
    496,
    496,
    496,
    496,
    496,
    496,
    496,
    496,
    496,
    496,
    496,
    496,
    496,
    496,
    496,
    496,
    496,
    496,
    496,
    496,
    496,
    496,
    496,
    496,
    496,
    496,
    496,
    496,
    496,
    496,
    496,
    496,
    496,
    496,
    496,
    496,
    496,
    496,
    496,
    496,
    496,
    496,
    496,
    496,
    496,
    496,
    496,
    496,
    496,
    496,
    496,
    496,
    496,
    496,
    496,
    496,
    496,
    496,
    496,
    496,
    496,
    496,
    496,
    496,
    496,
    496,
    496,
    496,
    496,
    496,
    496,
    496,
    496,
    496,
    496,
    496,
    496,
    496,
    496,
    496,
    496,
    496,
    496,
    496,
    496,
    496,
    496,
    496,
    496,
    496,
    496,
    496,
    496,
    496,
    496,
    496,
    496,
    496,
    496,
    496,
    496,
    496,
    496,
    496,
    496,
    496,
    496,
    496,
    496,
    496,
    496,
    496,
    496,
    496,
    496,
    496,
    496,
    496,
    496,
    496,
    496,
    496,
    496,
    496,
    496,
    496,
    496,
    496,
    496,
    496,
    496,
    496,
    496,
    496,
    496,
    496,
    496,
    496,
    496,
    496,
    496,
    496,
    496,
    496,
    496,
    496,
    496,
    496,
    496,
    496,
    496,
    496,
    496,
    496,
    496,
    496,
    496,
    496,
    496,
    496,
    496,
    496,
    496,
    496,
    496,
    496,
    496,
    496,
    496,
    496,
    496,
    496,
    496,
    496,
    496,
    496,
    496,
    496,
    496,
    496,
    496,
    496,
    496,
    496,
    496,
    496,
    496,
    496,
    496,
    496,
    496,
    496,
    496,
    496,
    496,
    496,
    496,
    496,
    496,
    496,
    496,
    496,
    496,
    496,
    496,
    496,
    496,
    496,
    236743
  ],
  "research_dispatch": {
    "counts": {},
    "overflowed": false,
    "schema": "rvllm.metal.research-dispatch.v5"
  },
  "schema": "rvllm.apple_metal_text_infer.v1",
  "tok_per_s": 3.0185669755366193
}
