{
  "abi": {
    "accumulation": "F32",
    "activation": "BF16",
    "output": "BF16",
    "scales": "F16"
  },
  "candidate_schedule": "n4",
  "cases": [
    {
      "accuracy": {
        "max_abs": 0.00390625,
        "relative_l2": 0.0008400084336290365
      },
      "dispatch": {
        "candidate_abi": "W4ABF16",
        "exact_correctness_dispatches_verified": 2,
        "exact_timing_dispatch_count_verified": true,
        "format": "w4a16",
        "role": "query_projection",
        "timing_dispatches": 7
      },
      "guard_unchanged": true,
      "identity": {
        "activations_bf16le_sha256": "d9c334fd86c5af2733f638dff1c5556d202cac1df30493fcc2e056de0cdf2f82",
        "cpu_low_bit_reference_bf16le_sha256": "47b293d51bb90019dbe240d80e001eb09835f3c0b1200ed4b9ad1131132e5d50",
        "packed_values_sha256": "0ece3593a548c164dd0ac38c58b143429f7b802eebca97a7e38088f044dd2b37",
        "scales_f16le_sha256": "1f3c1869918cfa85b420ccd1ffd6d40dee56ca5f25b2452393b63fb5bf9cf06e"
      },
      "k": 3840,
      "m": 1,
      "n": 4096,
      "native_accuracy": {
        "max_abs": 0.00006103515625,
        "relative_l2": 4.7492781971483316e-6
      },
      "repeatable_output_bits": true,
      "timing": {
        "accumulation_dtype": "F32",
        "activation_dtype": "BF16",
        "candidate_kernel": "experimental_projection_w4abf16_bf16_n4",
        "candidate_median_ms": 0.233042,
        "candidate_ms": [
          0.236208,
          0.233042,
          0.219333,
          0.215459,
          0.236833,
          0.22474999999999998
        ],
        "method": "ABBA wall-clock commit-to-completion",
        "native_kernel": "gemm_f16_vec8 compiled as typed BF16",
        "native_median_ms": 0.324416,
        "native_ms": [
          0.352208,
          0.324416,
          0.308833,
          0.320708,
          0.3085,
          0.327083
        ],
        "native_weight_conversion": "none",
        "output_dtype": "BF16",
        "samples_per_arm": 6,
        "scale_dtype": "F16",
        "speedup": 1.3920924125264973
      }
    },
    {
      "accuracy": {
        "max_abs": 0.0078125,
        "relative_l2": 0.0007942617381869826
      },
      "dispatch": {
        "candidate_abi": "W4ABF16",
        "exact_correctness_dispatches_verified": 2,
        "exact_timing_dispatch_count_verified": true,
        "format": "w4a16",
        "role": "query_projection",
        "timing_dispatches": 7
      },
      "guard_unchanged": true,
      "identity": {
        "activations_bf16le_sha256": "6b34aede1670cac0aa2663b19805eda4b1e75a3709ad3e65332bd04c11d8c77f",
        "cpu_low_bit_reference_bf16le_sha256": "8da4b58ed1b19fc278350e532e8d7f340744bfa271e5a799b95dfd243e4d5afa",
        "packed_values_sha256": "0ece3593a548c164dd0ac38c58b143429f7b802eebca97a7e38088f044dd2b37",
        "scales_f16le_sha256": "1f3c1869918cfa85b420ccd1ffd6d40dee56ca5f25b2452393b63fb5bf9cf06e"
      },
      "k": 3840,
      "m": 4,
      "n": 4096,
      "native_accuracy": {
        "max_abs": 0.00006103515625,
        "relative_l2": 2.3157226534647776e-6
      },
      "repeatable_output_bits": true,
      "timing": {
        "accumulation_dtype": "F32",
        "activation_dtype": "BF16",
        "candidate_kernel": "experimental_projection_w4abf16_bf16_n4",
        "candidate_median_ms": 2.530459,
        "candidate_ms": [
          0.426834,
          8.709542,
          1.941959,
          1.2481669999999998,
          2.530459,
          5.269
        ],
        "method": "ABBA wall-clock commit-to-completion",
        "native_kernel": "gemm_f16_vec8 compiled as typed BF16",
        "native_median_ms": 4.035375,
        "native_ms": [
          1.937458,
          2.98875,
          5.5475,
          2.286,
          9.291625,
          4.035375
        ],
        "native_weight_conversion": "none",
        "output_dtype": "BF16",
        "samples_per_arm": 6,
        "scale_dtype": "F16",
        "speedup": 1.5947205625540664
      }
    },
    {
      "accuracy": {
        "max_abs": 0.00390625,
        "relative_l2": 0.000902058069093503
      },
      "dispatch": {
        "candidate_abi": "W8ABF16",
        "exact_correctness_dispatches_verified": 2,
        "exact_timing_dispatch_count_verified": true,
        "format": "w8a16",
        "role": "query_projection",
        "timing_dispatches": 7
      },
      "guard_unchanged": true,
      "identity": {
        "activations_bf16le_sha256": "d9c334fd86c5af2733f638dff1c5556d202cac1df30493fcc2e056de0cdf2f82",
        "cpu_low_bit_reference_bf16le_sha256": "691ea59654a9b253cec41e423f31ff375bc4850951b92e68904dcb3fa7cf399b",
        "packed_values_sha256": "600c63869cc001faa5499d012696d158df4b1f0289cfba24f48bf13fc79455fb",
        "scales_f16le_sha256": "4671bf06fd20ab67ce8efee09d2af31f8a1488e90fa8238af4650d06a05e2ff0"
      },
      "k": 3840,
      "m": 1,
      "n": 4096,
      "native_accuracy": {
        "max_abs": 0.00006103515625,
        "relative_l2": 4.7492781971483316e-6
      },
      "repeatable_output_bits": true,
      "timing": {
        "accumulation_dtype": "F32",
        "activation_dtype": "BF16",
        "candidate_kernel": "experimental_projection_w8abf16_bf16_n4",
        "candidate_median_ms": 0.235417,
        "candidate_ms": [
          0.229917,
          0.217583,
          0.292458,
          0.235417,
          0.218875,
          0.258291
        ],
        "method": "ABBA wall-clock commit-to-completion",
        "native_kernel": "gemm_f16_vec8 compiled as typed BF16",
        "native_median_ms": 0.308834,
        "native_ms": [
          0.308834,
          0.30154200000000003,
          0.294166,
          0.323791,
          0.294125,
          0.311833
        ],
        "native_weight_conversion": "none",
        "output_dtype": "BF16",
        "samples_per_arm": 6,
        "scale_dtype": "F16",
        "speedup": 1.3118593814380441
      }
    },
    {
      "accuracy": {
        "max_abs": 0.00390625,
        "relative_l2": 0.0008718626757136663
      },
      "dispatch": {
        "candidate_abi": "W8ABF16",
        "exact_correctness_dispatches_verified": 2,
        "exact_timing_dispatch_count_verified": true,
        "format": "w8a16",
        "role": "query_projection",
        "timing_dispatches": 7
      },
      "guard_unchanged": true,
      "identity": {
        "activations_bf16le_sha256": "6b34aede1670cac0aa2663b19805eda4b1e75a3709ad3e65332bd04c11d8c77f",
        "cpu_low_bit_reference_bf16le_sha256": "c41e8f5d53c83665d51b1acb0ff99abe3203ea6080dedde1d21c0b06402a923c",
        "packed_values_sha256": "600c63869cc001faa5499d012696d158df4b1f0289cfba24f48bf13fc79455fb",
        "scales_f16le_sha256": "4671bf06fd20ab67ce8efee09d2af31f8a1488e90fa8238af4650d06a05e2ff0"
      },
      "k": 3840,
      "m": 4,
      "n": 4096,
      "native_accuracy": {
        "max_abs": 0.00006103515625,
        "relative_l2": 2.3157226534647776e-6
      },
      "repeatable_output_bits": true,
      "timing": {
        "accumulation_dtype": "F32",
        "activation_dtype": "BF16",
        "candidate_kernel": "experimental_projection_w8abf16_bf16_n4",
        "candidate_median_ms": 1.113208,
        "candidate_ms": [
          1.0566250000000001,
          1.473541,
          1.113208,
          0.9951669999999999,
          1.049291,
          1.721417
        ],
        "method": "ABBA wall-clock commit-to-completion",
        "native_kernel": "gemm_f16_vec8 compiled as typed BF16",
        "native_median_ms": 7.014167,
        "native_ms": [
          15.225999999999999,
          5.103667,
          7.927667,
          5.759417,
          7.014167,
          6.102209
        ],
        "native_weight_conversion": "none",
        "output_dtype": "BF16",
        "samples_per_arm": 6,
        "scale_dtype": "F16",
        "speedup": 6.300859318294514
      }
    }
  ],
  "claim": "real checkpoint projection operator evidence only; not full-route or model-quality evidence",
  "compile_counts": {
    "metal_libraries": 1,
    "pipeline_states": 3
  },
  "config_sha256": "478c46e8d2c52d5c2d85bf67e3b3e8c90e7c9d91086cee27e3c267907e936bd9",
  "executable_sha256": "95d019e8d81e19e6d704e403e00409c7d381a6b0e97fa7e8edb723f968b1d154",
  "generated_msl_sha256": "ebbef209392843f936ef177dff1499340eaa5685546eecc729294b9dee8c29a5",
  "model_dir": "/Users/george/.cache/huggingface/hub/models--google--gemma-4-12B-it/snapshots/707f0a3b8a3c7ad586ed01e27eafbad8a27dd0f7",
  "schema": "rvllm.metal_low_bit_real_weight_bf16.v1",
  "shape": [
    4096,
    3840
  ],
  "source_dtype": "Bf16",
  "source_file": "/Users/george/.cache/huggingface/hub/models--google--gemma-4-12B-it/snapshots/707f0a3b8a3c7ad586ed01e27eafbad8a27dd0f7/model.safetensors",
  "source_file_offset": 2448873346,
  "source_tensor_bytes": 31457280,
  "source_tensor_sha256": "3ae6a6f7f56408ec8fc7a78ec9cb9d29054af0a717cf92552af09591f63d6444",
  "tensor": "model.language_model.layers.0.self_attn.q_proj.weight",
  "tensor_role": "query_projection"
}
